WINNER: Ric Flair by SUBMISSION (move: Figure Four Leglock) | Loser HP: 430 / 1606 (26.8%)
WINNER: Ric Flair by SUBMISSION (move: Figure Four Leglock) | Loser HP: 196 / 1606 (12.2%)
WINNER: Ric Flair by SUBMISSION (move: Abdominal Stretch) | Loser HP: 522 / 1606 (32.5%)
WINNER: Ric Flair by SUBMISSION (move: Abdominal Stretch) | Loser HP: 509 / 1606 (31.7%)
WINNER: Ric Flair by SUBMISSION (move: Figure Four Leglock) | Loser HP: 636 / 1606 (39.6%)
WINNER: Ric Flair by SUBMISSION (move: Figure Four Leglock) | Loser HP: 457 / 1606 (28.5%)
WINNER: Ric Flair by SUBMISSION (move: Figure Four Leglock) | Loser HP: 101 / 1606 (6.3%)
WINNER: Ric Flair by SUBMISSION (move: Abdominal Stretch) | Loser HP: 617 / 1606 (38.4%)
WINNER: Lex Luger by SUBMISSION (move: Torture Rack) | Loser HP: 464 / 1506 (30.8%)
WINNER: Ric Flair by SUBMISSION (move: Figure Four Leglock) | Loser HP: 451 / 1606 (28.1%)
WINNER: Lex Luger by SUBMISSION (move: Torture Rack) | Loser HP: 506 / 1506 (33.6%)
WINNER: Ric Flair by SUBMISSION (move: Belly to Back Suplex) | Loser HP: 245 / 1606 (15.3%)
WINNER: Ric Flair by SUBMISSION (move: Abdominal Stretch) | Loser HP: 506 / 1606 (31.5%)
WINNER: Lex Luger by SUBMISSION (move: Torture Rack) | Loser HP: 538 / 1506 (35.8%)
WINNER: Ric Flair by SUBMISSION (move: Abdominal Stretch) | Loser HP: 491 / 1606 (30.6%)
WINNER: Ric Flair by SUBMISSION (move: Figure Four Leglock) | Loser HP: 133 / 1606 (8.3%)
WINNER: Ric Flair by SUBMISSION (move: Belly to Back Suplex) | Loser HP: 318 / 1606 (19.8%)
WINNER: Ric Flair by SUBMISSION (move: Figure Four Leglock) | Loser HP: 524 / 1606 (32.6%)
WINNER: Ric Flair by SUBMISSION (move: Belly to Back Suplex) | Loser HP: 519 / 1606 (32.3%)
WINNER: Lex Luger by SUBMISSION (move: Torture Rack) | Loser HP: 253 / 1506 (16.8%)
WINNER: Lex Luger by SUBMISSION (move: Torture Rack) | Loser HP: 171 / 1506 (11.4%)
WINNER: Ric Flair by SUBMISSION (move: Figure Four Leglock) | Loser HP: 604 / 1606 (37.6%)
WINNER: Lex Luger by SUBMISSION (move: Torture Rack) | Loser HP: 481 / 1506 (32.0%)
WINNER: Ric Flair by SUBMISSION (move: Figure Four Leglock) | Loser HP: 624 / 1606 (38.9%)
WINNER: Lex Luger by SUBMISSION (move: Torture Rack) | Loser HP: 109 / 1506 (7.3%)
WINNER: Ric Flair by SUBMISSION (move: Abdominal Stretch) | Loser HP: 524 / 1606 (32.6%)
WINNER: Lex Luger by SUBMISSION (move: Torture Rack) | Loser HP: 316 / 1506 (21.0%)
WINNER: Lex Luger by SUBMISSION (move: Torture Rack) | Loser HP: 143 / 1506 (9.5%)
WINNER: Lex Luger by SUBMISSION (move: Torture Rack) | Loser HP: 101 / 1506 (6.8%)
WINNER: Ric Flair by SUBMISSION (move: Figure Four Leglock) | Loser HP: 288 / 1606 (17.9%)
WINNER: Ric Flair by SUBMISSION (move: Abdominal Stretch) | Loser HP: 551 / 1606 (34.3%)
WINNER: Lex Luger by SUBMISSION (move: Torture Rack) | Loser HP: 431 / 1506 (28.7%)
WINNER: Lex Luger by SUBMISSION (move: Torture Rack) | Loser HP: 361 / 1506 (24.0%)
WINNER: Ric Flair by SUBMISSION (move: Abdominal Stretch) | Loser HP: 620 / 1606 (38.6%)
WINNER: Lex Luger by SUBMISSION (move: Torture Rack) | Loser HP: 72 / 1506 (4.8%)
WINNER: Ric Flair by SUBMISSION (move: Abdominal Stretch) | Loser HP: 588 / 1606 (36.6%)
WINNER: Lex Luger by SUBMISSION (move: Torture Rack) | Loser HP: 119 / 1506 (7.9%)
WINNER: Ric Flair by SUBMISSION (move: Figure Four Leglock) | Loser HP: 555 / 1606 (34.6%)
WINNER: Ric Flair by SUBMISSION (move: Abdominal Stretch) | Loser HP: 363 / 1606 (22.6%)
WINNER: Ric Flair by SUBMISSION (move: Figure Four Leglock) | Loser HP: 549 / 1606 (34.2%)
WINNER: Lex Luger by SUBMISSION (move: Torture Rack) | Loser HP: 62 / 1506 (4.2%)
WINNER: Ric Flair by SUBMISSION (move: Figure Four Leglock) | Loser HP: 190 / 1606 (11.8%)
WINNER: Ric Flair by SUBMISSION (move: Belly to Back Suplex) | Loser HP: 582 / 1606 (36.2%)
WINNER: Ric Flair by SUBMISSION (move: Abdominal Stretch) | Loser HP: 614 / 1606 (38.2%)
WINNER: Ric Flair by SUBMISSION (move: Figure Four Leglock) | Loser HP: 558 / 1606 (34.7%)
WINNER: Ric Flair by SUBMISSION (move: Figure Four Leglock) | Loser HP: 271 / 1606 (16.9%)
WINNER: Lex Luger by SUBMISSION (move: Torture Rack) | Loser HP: 178 / 1506 (11.9%)
WINNER: Lex Luger by SUBMISSION (move: Torture Rack) | Loser HP: 330 / 1506 (22.0%)
WINNER: Ric Flair by SUBMISSION (move: Abdominal Stretch) | Loser HP: 606 / 1606 (37.7%)
WINNER: Ric Flair by SUBMISSION (move: Abdominal Stretch) | Loser HP: 605 / 1606 (37.7%)
WINNER: Ric Flair by SUBMISSION (move: Abdominal Stretch) | Loser HP: 384 / 1606 (23.9%)
WINNER: Ric Flair by SUBMISSION (move: Abdominal Stretch) | Loser HP: 511 / 1606 (31.8%)
WINNER: Ric Flair by SUBMISSION (move: Figure Four Leglock) | Loser HP: 445 / 1606 (27.7%)
WINNER: Lex Luger by SUBMISSION (move: Torture Rack) | Loser HP: 166 / 1506 (11.1%)
WINNER: Ric Flair by SUBMISSION (move: Figure Four Leglock) | Loser HP: 466 / 1606 (29.0%)
WINNER: Ric Flair by SUBMISSION (move: Figure Four Leglock) | Loser HP: 462 / 1606 (28.8%)
WINNER: Ric Flair by SUBMISSION (move: Figure Four Leglock) | Loser HP: 517 / 1606 (32.2%)
WINNER: Ric Flair by SUBMISSION (move: Abdominal Stretch) | Loser HP: 407 / 1606 (25.3%)
WINNER: Lex Luger by SUBMISSION (move: Torture Rack) | Loser HP: 127 / 1506 (8.5%)
WINNER: Ric Flair by SUBMISSION (move: Figure Four Leglock) | Loser HP: 224 / 1606 (13.9%)
WINNER: Ric Flair by SUBMISSION (move: Figure Four Leglock) | Loser HP: 89 / 1606 (5.5%)
WINNER: Lex Luger by SUBMISSION (move: Torture Rack) | Loser HP: 132 / 1506 (8.8%)
WINNER: Ric Flair by SUBMISSION (move: Abdominal Stretch) | Loser HP: 146 / 1606 (9.1%)
WINNER: Ric Flair by SUBMISSION (move: Figure Four Leglock) | Loser HP: 207 / 1606 (12.9%)
WINNER: Ric Flair by SUBMISSION (move: Figure Four Leglock) | Loser HP: 575 / 1606 (35.8%)
WINNER: Ric Flair by SUBMISSION (move: Figure Four Leglock) | Loser HP: 424 / 1606 (26.4%)
WINNER: Ric Flair by SUBMISSION (move: Abdominal Stretch) | Loser HP: 371 / 1606 (23.1%)
WINNER: Ric Flair by SUBMISSION (move: Figure Four Leglock) | Loser HP: 607 / 1606 (37.8%)
WINNER: Lex Luger by SUBMISSION (move: Torture Rack) | Loser HP: 200 / 1506 (13.3%)
WINNER: Ric Flair by SUBMISSION (move: Figure Four Leglock) | Loser HP: 537 / 1606 (33.4%)
WINNER: Ric Flair by SUBMISSION (move: Abdominal Stretch) | Loser HP: 574 / 1606 (35.7%)
WINNER: Ric Flair by SUBMISSION (move: Abdominal Stretch) | Loser HP: 484 / 1606 (30.1%)
WINNER: Ric Flair by SUBMISSION (move: Abdominal Stretch) | Loser HP: 598 / 1606 (37.2%)
WINNER: Ric Flair by SUBMISSION (move: Figure Four Leglock) | Loser HP: 540 / 1606 (33.6%)
WINNER: Ric Flair by SUBMISSION (move: Abdominal Stretch) | Loser HP: 102 / 1606 (6.4%)
WINNER: Ric Flair by SUBMISSION (move: Abdominal Stretch) | Loser HP: 484 / 1606 (30.1%)
WINNER: Lex Luger by SUBMISSION (move: Torture Rack) | Loser HP: 163 / 1506 (10.9%)
WINNER: Lex Luger by SUBMISSION (move: Torture Rack) | Loser HP: 369 / 1506 (24.5%)
WINNER: Ric Flair by SUBMISSION (move: Figure Four Leglock) | Loser HP: 436 / 1606 (27.1%)
WINNER: Ric Flair by SUBMISSION (move: Abdominal Stretch) | Loser HP: 400 / 1606 (24.9%)
WINNER: Lex Luger by SUBMISSION (move: Torture Rack) | Loser HP: 253 / 1506 (16.8%)
WINNER: Lex Luger by SUBMISSION (move: Torture Rack) | Loser HP: 154 / 1506 (10.3%)
WINNER: Ric Flair by SUBMISSION (move: Abdominal Stretch) | Loser HP: 546 / 1606 (34.0%)
WINNER: Lex Luger by SUBMISSION (move: Torture Rack) | Loser HP: 181 / 1506 (12.1%)
WINNER: Ric Flair by SUBMISSION (move: Abdominal Stretch) | Loser HP: 331 / 1606 (20.6%)
WINNER: Ric Flair by SUBMISSION (move: Abdominal Stretch) | Loser HP: 524 / 1606 (32.6%)
WINNER: Ric Flair by SUBMISSION (move: Figure Four Leglock) | Loser HP: 544 / 1606 (33.9%)
WINNER: Ric Flair by SUBMISSION (move: Abdominal Stretch) | Loser HP: 568 / 1606 (35.4%)
WINNER: Ric Flair by SUBMISSION (move: Abdominal Stretch) | Loser HP: 483 / 1606 (30.1%)
WINNER: Ric Flair by SUBMISSION (move: Abdominal Stretch) | Loser HP: 460 / 1606 (28.6%)
WINNER: Lex Luger by SUBMISSION (move: Torture Rack) | Loser HP: 467 / 1506 (31.0%)
WINNER: Ric Flair by SUBMISSION (move: Figure Four Leglock) | Loser HP: 585 / 1606 (36.4%)
WINNER: Ric Flair by SUBMISSION (move: Figure Four Leglock) | Loser HP: 311 / 1606 (19.4%)
WINNER: Ric Flair by SUBMISSION (move: Abdominal Stretch) | Loser HP: 440 / 1606 (27.4%)
WINNER: Ric Flair by SUBMISSION (move: Abdominal Stretch) | Loser HP: 231 / 1606 (14.4%)
WINNER: Ric Flair by SUBMISSION (move: Belly to Back Suplex) | Loser HP: 86 / 1606 (5.4%)
WINNER: Lex Luger by SUBMISSION (move: Torture Rack) | Loser HP: 276 / 1506 (18.4%)
WINNER: Ric Flair by SUBMISSION (move: Figure Four Leglock) | Loser HP: 13 / 1606 (0.8%)
WINNER: Ric Flair by SUBMISSION (move: Figure Four Leglock) | Loser HP: 453 / 1606 (28.2%)
WINNER: Ric Flair by SUBMISSION (move: Belly to Back Suplex) | Loser HP: 261 / 1606 (16.3%)
WINNER: Ric Flair by SUBMISSION (move: Belly to Back Suplex) | Loser HP: 454 / 1606 (28.3%)
WINNER: Ric Flair by SUBMISSION (move: Figure Four Leglock) | Loser HP: 479 / 1606 (29.8%)
WINNER: Ric Flair by SUBMISSION (move: Abdominal Stretch) | Loser HP: 185 / 1606 (11.5%)
WINNER: Ric Flair by SUBMISSION (move: Figure Four Leglock) | Loser HP: 630 / 1606 (39.2%)
WINNER: Ric Flair by SUBMISSION (move: Figure Four Leglock) | Loser HP: 505 / 1606 (31.4%)
WINNER: Ric Flair by SUBMISSION (move: Figure Four Leglock) | Loser HP: 420 / 1606 (26.2%)
WINNER: Ric Flair by SUBMISSION (move: Abdominal Stretch) | Loser HP: 581 / 1606 (36.2%)
WINNER: Ric Flair by SUBMISSION (move: Figure Four Leglock) | Loser HP: 493 / 1606 (30.7%)
WINNER: Ric Flair by SUBMISSION (move: Figure Four Leglock) | Loser HP: 152 / 1606 (9.5%)
WINNER: Ric Flair by SUBMISSION (move: Abdominal Stretch) | Loser HP: 243 / 1606 (15.1%)
WINNER: Ric Flair by SUBMISSION (move: Belly to Back Suplex) | Loser HP: 565 / 1606 (35.2%)
WINNER: Ric Flair by SUBMISSION (move: Abdominal Stretch) | Loser HP: 412 / 1606 (25.7%)
WINNER: Ric Flair by SUBMISSION (move: Figure Four Leglock) | Loser HP: 421 / 1606 (26.2%)
WINNER: Lex Luger by SUBMISSION (move: Torture Rack) | Loser HP: 585 / 1506 (38.9%)
WINNER: Ric Flair by SUBMISSION (move: Belly to Back Suplex) | Loser HP: 377 / 1606 (23.5%)
WINNER: Ric Flair by SUBMISSION (move: Abdominal Stretch) | Loser HP: 342 / 1606 (21.3%)
WINNER: Lex Luger by SUBMISSION (move: Torture Rack) | Loser HP: 62 / 1506 (4.2%)
WINNER: Ric Flair by SUBMISSION (move: Abdominal Stretch) | Loser HP: 603 / 1606 (37.5%)
WINNER: Ric Flair by SUBMISSION (move: Figure Four Leglock) | Loser HP: 636 / 1606 (39.6%)
WINNER: Ric Flair by SUBMISSION (move: Figure Four Leglock) | Loser HP: 547 / 1606 (34.1%)
WINNER: Ric Flair by SUBMISSION (move: Abdominal Stretch) | Loser HP: 528 / 1606 (32.9%)
WINNER: Ric Flair by SUBMISSION (move: Figure Four Leglock) | Loser HP: 280 / 1606 (17.4%)
WINNER: Ric Flair by SUBMISSION (move: Belly to Back Suplex) | Loser HP: 592 / 1606 (36.9%)
WINNER: Ric Flair by SUBMISSION (move: Abdominal Stretch) | Loser HP: 301 / 1606 (18.7%)
WINNER: Ric Flair by SUBMISSION (move: Abdominal Stretch) | Loser HP: 140 / 1606 (8.7%)
WINNER: Ric Flair by SUBMISSION (move: Abdominal Stretch) | Loser HP: 64 / 1606 (4.0%)
WINNER: Lex Luger by SUBMISSION (move: Torture Rack) | Loser HP: 493 / 1506 (32.8%)
WINNER: Lex Luger by SUBMISSION (move: Torture Rack) | Loser HP: 168 / 1506 (11.2%)
WINNER: Ric Flair by SUBMISSION (move: Figure Four Leglock) | Loser HP: 553 / 1606 (34.4%)
WINNER: Ric Flair by SUBMISSION (move: Abdominal Stretch) | Loser HP: 566 / 1606 (35.2%)
WINNER: Ric Flair by SUBMISSION (move: Abdominal Stretch) | Loser HP: 437 / 1606 (27.2%)
WINNER: Ric Flair by SUBMISSION (move: Figure Four Leglock) | Loser HP: 290 / 1606 (18.1%)
WINNER: Ric Flair by SUBMISSION (move: Figure Four Leglock) | Loser HP: 504 / 1606 (31.4%)
WINNER: Ric Flair by SUBMISSION (move: Abdominal Stretch) | Loser HP: 556 / 1606 (34.6%)
WINNER: Ric Flair by SUBMISSION (move: Figure Four Leglock) | Loser HP: 312 / 1606 (19.4%)
WINNER: Lex Luger by SUBMISSION (move: Torture Rack) | Loser HP: 204 / 1506 (13.6%)
WINNER: Ric Flair by SUBMISSION (move: Figure Four Leglock) | Loser HP: 471 / 1606 (29.3%)
WINNER: Lex Luger by SUBMISSION (move: Torture Rack) | Loser HP: 87 / 1506 (5.8%)
WINNER: Ric Flair by SUBMISSION (move: Figure Four Leglock) | Loser HP: 557 / 1606 (34.7%)
WINNER: Ric Flair by SUBMISSION (move: Figure Four Leglock) | Loser HP: 311 / 1606 (19.4%)
WINNER: Ric Flair by SUBMISSION (move: Belly to Back Suplex) | Loser HP: 599 / 1606 (37.3%)
WINNER: Lex Luger by SUBMISSION (move: Torture Rack) | Loser HP: 182 / 1506 (12.1%)
WINNER: Ric Flair by SUBMISSION (move: Figure Four Leglock) | Loser HP: 414 / 1606 (25.8%)
WINNER: Ric Flair by SUBMISSION (move: Abdominal Stretch) | Loser HP: 171 / 1606 (10.6%)
WINNER: Ric Flair by SUBMISSION (move: Figure Four Leglock) | Loser HP: 262 / 1606 (16.3%)
WINNER: Ric Flair by SUBMISSION (move: Figure Four Leglock) | Loser HP: 529 / 1606 (32.9%)
WINNER: Ric Flair by SUBMISSION (move: Figure Four Leglock) | Loser HP: 330 / 1606 (20.5%)
WINNER: Ric Flair by SUBMISSION (move: Belly to Back Suplex) | Loser HP: 407 / 1606 (25.3%)
WINNER: Ric Flair by SUBMISSION (move: Belly to Back Suplex) | Loser HP: 120 / 1606 (7.5%)
WINNER: Ric Flair by SUBMISSION (move: Abdominal Stretch) | Loser HP: 615 / 1606 (38.3%)
WINNER: Ric Flair by SUBMISSION (move: Abdominal Stretch) | Loser HP: 293 / 1606 (18.2%)
WINNER: Ric Flair by SUBMISSION (move: Figure Four Leglock) | Loser HP: 208 / 1606 (13.0%)
WINNER: Ric Flair by SUBMISSION (move: Figure Four Leglock) | Loser HP: 432 / 1606 (26.9%)
WINNER: Ric Flair by SUBMISSION (move: Belly to Back Suplex) | Loser HP: 400 / 1606 (24.9%)
WINNER: Ric Flair by SUBMISSION (move: Figure Four Leglock) | Loser HP: 328 / 1606 (20.4%)
WINNER: Ric Flair by SUBMISSION (move: Figure Four Leglock) | Loser HP: 495 / 1606 (30.8%)
WINNER: Ric Flair by SUBMISSION (move: Figure Four Leglock) | Loser HP: 241 / 1606 (15.0%)
WINNER: Ric Flair by SUBMISSION (move: Figure Four Leglock) | Loser HP: 388 / 1606 (24.2%)
WINNER: Ric Flair by SUBMISSION (move: Abdominal Stretch) | Loser HP: 636 / 1606 (39.6%)
WINNER: Ric Flair by SUBMISSION (move: Figure Four Leglock) | Loser HP: 630 / 1606 (39.2%)
WINNER: Lex Luger by SUBMISSION (move: Torture Rack) | Loser HP: 171 / 1506 (11.4%)
WINNER: Ric Flair by SUBMISSION (move: Figure Four Leglock) | Loser HP: 286 / 1606 (17.8%)
WINNER: Lex Luger by SUBMISSION (move: Torture Rack) | Loser HP: 206 / 1506 (13.7%)
WINNER: Ric Flair by SUBMISSION (move: Abdominal Stretch) | Loser HP: 176 / 1606 (11.0%)
WINNER: Ric Flair by SUBMISSION (move: Figure Four Leglock) | Loser HP: 483 / 1606 (30.1%)
WINNER: Lex Luger by SUBMISSION (move: Torture Rack) | Loser HP: 498 / 1506 (33.1%)
WINNER: Ric Flair by SUBMISSION (move: Abdominal Stretch) | Loser HP: 470 / 1606 (29.3%)
WINNER: Ric Flair by SUBMISSION (move: Abdominal Stretch) | Loser HP: 606 / 1606 (37.7%)
WINNER: Ric Flair by SUBMISSION (move: Figure Four Leglock) | Loser HP: 540 / 1606 (33.6%)
WINNER: Ric Flair by SUBMISSION (move: Figure Four Leglock) | Loser HP: 341 / 1606 (21.2%)
WINNER: Ric Flair by SUBMISSION (move: Abdominal Stretch) | Loser HP: 532 / 1606 (33.1%)
WINNER: Ric Flair by SUBMISSION (move: Figure Four Leglock) | Loser HP: 562 / 1606 (35.0%)
WINNER: Ric Flair by SUBMISSION (move: Figure Four Leglock) | Loser HP: 481 / 1606 (30.0%)
WINNER: Ric Flair by SUBMISSION (move: Belly to Back Suplex) | Loser HP: 115 / 1606 (7.2%)
WINNER: Ric Flair by SUBMISSION (move: Figure Four Leglock) | Loser HP: 225 / 1606 (14.0%)
WINNER: Ric Flair by SUBMISSION (move: Figure Four Leglock) | Loser HP: 593 / 1606 (36.9%)
WINNER: Ric Flair by SUBMISSION (move: Figure Four Leglock) | Loser HP: 23 / 1606 (1.4%)
WINNER: Ric Flair by SUBMISSION (move: Figure Four Leglock) | Loser HP: 500 / 1606 (31.1%)
WINNER: Ric Flair by SUBMISSION (move: Figure Four Leglock) | Loser HP: 515 / 1606 (32.1%)
WINNER: Ric Flair by SUBMISSION (move: Figure Four Leglock) | Loser HP: 341 / 1606 (21.2%)
WINNER: Ric Flair by SUBMISSION (move: Abdominal Stretch) | Loser HP: 391 / 1606 (24.3%)
WINNER: Ric Flair by SUBMISSION (move: Abdominal Stretch) | Loser HP: 572 / 1606 (35.6%)
WINNER: Lex Luger by SUBMISSION (move: Torture Rack) | Loser HP: 207 / 1506 (13.8%)
WINNER: Ric Flair by SUBMISSION (move: Abdominal Stretch) | Loser HP: 484 / 1606 (30.1%)
WINNER: Ric Flair by SUBMISSION (move: Abdominal Stretch) | Loser HP: 601 / 1606 (37.4%)
WINNER: Ric Flair by SUBMISSION (move: Abdominal Stretch) | Loser HP: 267 / 1606 (16.6%)
WINNER: Ric Flair by SUBMISSION (move: Figure Four Leglock) | Loser HP: 337 / 1606 (21.0%)
WINNER: Ric Flair by SUBMISSION (move: Belly to Back Suplex) | Loser HP: 254 / 1606 (15.8%)
WINNER: Ric Flair by SUBMISSION (move: Figure Four Leglock) | Loser HP: 475 / 1606 (29.6%)
WINNER: Ric Flair by SUBMISSION (move: Figure Four Leglock) | Loser HP: 172 / 1606 (10.7%)
WINNER: Lex Luger by SUBMISSION (move: Torture Rack) | Loser HP: 328 / 1506 (21.8%)
WINNER: Ric Flair by SUBMISSION (move: Figure Four Leglock) | Loser HP: 560 / 1606 (34.9%)
WINNER: Lex Luger by SUBMISSION (move: Torture Rack) | Loser HP: 74 / 1506 (5.0%)
WINNER: Lex Luger by SUBMISSION (move: Torture Rack) | Loser HP: 129 / 1506 (8.6%)
WINNER: Lex Luger by SUBMISSION (move: Torture Rack) | Loser HP: 157 / 1506 (10.5%)
WINNER: Ric Flair by SUBMISSION (move: Abdominal Stretch) | Loser HP: 317 / 1606 (19.7%)
WINNER: Ric Flair by SUBMISSION (move: Abdominal Stretch) | Loser HP: 633 / 1606 (39.4%)
WINNER: Ric Flair by SUBMISSION (move: Figure Four Leglock) | Loser HP: 436 / 1606 (27.1%)
WINNER: Lex Luger by SUBMISSION (move: Torture Rack) | Loser HP: 424 / 1506 (28.2%)
WINNER: Ric Flair by SUBMISSION (move: Figure Four Leglock) | Loser HP: 425 / 1606 (26.5%)
WINNER: Ric Flair by SUBMISSION (move: Figure Four Leglock) | Loser HP: 596 / 1606 (37.1%)
WINNER: Ric Flair by SUBMISSION (move: Figure Four Leglock) | Loser HP: 526 / 1606 (32.8%)
WINNER: Lex Luger by SUBMISSION (move: Torture Rack) | Loser HP: 100 / 1506 (6.7%)
WINNER: Ric Flair by SUBMISSION (move: Figure Four Leglock) | Loser HP: 121 / 1606 (7.5%)
WINNER: Ric Flair by SUBMISSION (move: Figure Four Leglock) | Loser HP: 593 / 1606 (36.9%)
WINNER: Ric Flair by SUBMISSION (move: Abdominal Stretch) | Loser HP: 197 / 1606 (12.3%)
WINNER: Lex Luger by SUBMISSION (move: Torture Rack) | Loser HP: 196 / 1506 (13.1%)
WINNER: Lex Luger by SUBMISSION (move: Torture Rack) | Loser HP: 79 / 1506 (5.3%)
WINNER: Ric Flair by SUBMISSION (move: Figure Four Leglock) | Loser HP: 498 / 1606 (31.0%)
WINNER: Ric Flair by SUBMISSION (move: Abdominal Stretch) | Loser HP: 292 / 1606 (18.2%)
WINNER: Lex Luger by SUBMISSION (move: Torture Rack) | Loser HP: 96 / 1506 (6.4%)
WINNER: Ric Flair by SUBMISSION (move: Figure Four Leglock) | Loser HP: 182 / 1606 (11.3%)
WINNER: Lex Luger by SUBMISSION (move: Torture Rack) | Loser HP: 56 / 1506 (3.8%)
WINNER: Lex Luger by SUBMISSION (move: Torture Rack) | Loser HP: 151 / 1506 (10.1%)
WINNER: Ric Flair by SUBMISSION (move: Abdominal Stretch) | Loser HP: 629 / 1606 (39.2%)
WINNER: Lex Luger by SUBMISSION (move: Torture Rack) | Loser HP: 113 / 1506 (7.5%)
WINNER: Ric Flair by SUBMISSION (move: Abdominal Stretch) | Loser HP: 323 / 1606 (20.1%)
WINNER: Ric Flair by SUBMISSION (move: Figure Four Leglock) | Loser HP: 597 / 1606 (37.2%)
WINNER: Lex Luger by SUBMISSION (move: Torture Rack) | Loser HP: 305 / 1506 (20.3%)
WINNER: Ric Flair by SUBMISSION (move: Abdominal Stretch) | Loser HP: 605 / 1606 (37.7%)
WINNER: Ric Flair by SUBMISSION (move: Figure Four Leglock) | Loser HP: 197 / 1606 (12.3%)
WINNER: Ric Flair by SUBMISSION (move: Figure Four Leglock) | Loser HP: 488 / 1606 (30.4%)
WINNER: Ric Flair by SUBMISSION (move: Belly to Back Suplex) | Loser HP: 514 / 1606 (32.0%)
WINNER: Ric Flair by SUBMISSION (move: Abdominal Stretch) | Loser HP: 380 / 1606 (23.7%)
WINNER: Ric Flair by SUBMISSION (move: Abdominal Stretch) | Loser HP: 630 / 1606 (39.2%)
WINNER: Ric Flair by SUBMISSION (move: Belly to Back Suplex) | Loser HP: 587 / 1606 (36.6%)
WINNER: Ric Flair by SUBMISSION (move: Abdominal Stretch) | Loser HP: 552 / 1606 (34.4%)
WINNER: Ric Flair by SUBMISSION (move: Figure Four Leglock) | Loser HP: 253 / 1606 (15.8%)
WINNER: Lex Luger by SUBMISSION (move: Torture Rack) | Loser HP: 523 / 1506 (34.8%)
WINNER: Lex Luger by SUBMISSION (move: Torture Rack) | Loser HP: 165 / 1506 (11.0%)
WINNER: Lex Luger by SUBMISSION (move: Torture Rack) | Loser HP: 170 / 1506 (11.3%)
WINNER: Lex Luger by SUBMISSION (move: Torture Rack) | Loser HP: 280 / 1506 (18.6%)
WINNER: Ric Flair by SUBMISSION (move: Figure Four Leglock) | Loser HP: 242 / 1606 (15.1%)
WINNER: Ric Flair by SUBMISSION (move: Figure Four Leglock) | Loser HP: 452 / 1606 (28.1%)
WINNER: Ric Flair by SUBMISSION (move: Figure Four Leglock) | Loser HP: 635 / 1606 (39.5%)
WINNER: Ric Flair by SUBMISSION (move: Abdominal Stretch) | Loser HP: 398 / 1606 (24.8%)
WINNER: Ric Flair by SUBMISSION (move: Belly to Back Suplex) | Loser HP: 518 / 1606 (32.3%)
WINNER: Ric Flair by SUBMISSION (move: Abdominal Stretch) | Loser HP: 516 / 1606 (32.1%)
WINNER: Ric Flair by SUBMISSION (move: Figure Four Leglock) | Loser HP: 465 / 1606 (29.0%)
WINNER: Ric Flair by SUBMISSION (move: Abdominal Stretch) | Loser HP: 381 / 1606 (23.7%)
WINNER: Ric Flair by SUBMISSION (move: Abdominal Stretch) | Loser HP: 272 / 1606 (16.9%)
WINNER: Lex Luger by SUBMISSION (move: Torture Rack) | Loser HP: 166 / 1506 (11.1%)
WINNER: Ric Flair by SUBMISSION (move: Figure Four Leglock) | Loser HP: 413 / 1606 (25.7%)
WINNER: Ric Flair by SUBMISSION (move: Abdominal Stretch) | Loser HP: 451 / 1606 (28.1%)
WINNER: Ric Flair by SUBMISSION (move: Abdominal Stretch) | Loser HP: 630 / 1606 (39.2%)
WINNER: Ric Flair by SUBMISSION (move: Abdominal Stretch) | Loser HP: 509 / 1606 (31.7%)
WINNER: Ric Flair by SUBMISSION (move: Abdominal Stretch) | Loser HP: 481 / 1606 (30.0%)
WINNER: Ric Flair by SUBMISSION (move: Belly to Back Suplex) | Loser HP: 543 / 1606 (33.8%)
WINNER: Ric Flair by SUBMISSION (move: Figure Four Leglock) | Loser HP: 423 / 1606 (26.3%)
WINNER: Ric Flair by SUBMISSION (move: Abdominal Stretch) | Loser HP: 532 / 1606 (33.1%)
WINNER: Ric Flair by SUBMISSION (move: Figure Four Leglock) | Loser HP: 476 / 1606 (29.6%)
WINNER: Ric Flair by SUBMISSION (move: Figure Four Leglock) | Loser HP: 551 / 1606 (34.3%)
WINNER: Ric Flair by SUBMISSION (move: Abdominal Stretch) | Loser HP: 635 / 1606 (39.5%)
WINNER: Ric Flair by SUBMISSION (move: Figure Four Leglock) | Loser HP: 583 / 1606 (36.3%)
WINNER: Ric Flair by SUBMISSION (move: Abdominal Stretch) | Loser HP: 626 / 1606 (39.0%)
WINNER: Ric Flair by SUBMISSION (move: Abdominal Stretch) | Loser HP: 334 / 1606 (20.8%)
WINNER: Ric Flair by SUBMISSION (move: Belly to Back Suplex) | Loser HP: 87 / 1606 (5.4%)
WINNER: Ric Flair by SUBMISSION (move: Abdominal Stretch) | Loser HP: 413 / 1606 (25.7%)
WINNER: Lex Luger by SUBMISSION (move: Torture Rack) | Loser HP: 15 / 1506 (1.0%)
WINNER: Ric Flair by SUBMISSION (move: Figure Four Leglock) | Loser HP: 588 / 1606 (36.6%)
WINNER: Ric Flair by SUBMISSION (move: Figure Four Leglock) | Loser HP: 552 / 1606 (34.4%)
WINNER: Ric Flair by SUBMISSION (move: Belly to Back Suplex) | Loser HP: 430 / 1606 (26.8%)
WINNER: Ric Flair by SUBMISSION (move: Figure Four Leglock) | Loser HP: 412 / 1606 (25.7%)
WINNER: Ric Flair by SUBMISSION (move: Abdominal Stretch) | Loser HP: 492 / 1606 (30.6%)
WINNER: Ric Flair by SUBMISSION (move: Abdominal Stretch) | Loser HP: 619 / 1606 (38.5%)
WINNER: Ric Flair by SUBMISSION (move: Abdominal Stretch) | Loser HP: 342 / 1606 (21.3%)
WINNER: Ric Flair by SUBMISSION (move: Abdominal Stretch) | Loser HP: 551 / 1606 (34.3%)
WINNER: Lex Luger by SUBMISSION (move: Torture Rack) | Loser HP: 152 / 1506 (10.1%)
WINNER: Ric Flair by SUBMISSION (move: Abdominal Stretch) | Loser HP: 68 / 1606 (4.2%)
WINNER: Ric Flair by SUBMISSION (move: Figure Four Leglock) | Loser HP: 583 / 1606 (36.3%)
WINNER: Ric Flair by SUBMISSION (move: Belly to Back Suplex) | Loser HP: 451 / 1606 (28.1%)
WINNER: Ric Flair by SUBMISSION (move: Figure Four Leglock) | Loser HP: 365 / 1606 (22.7%)
WINNER: Ric Flair by SUBMISSION (move: Abdominal Stretch) | Loser HP: 587 / 1606 (36.6%)
WINNER: Ric Flair by SUBMISSION (move: Abdominal Stretch) | Loser HP: 166 / 1606 (10.3%)
WINNER: Ric Flair by SUBMISSION (move: Figure Four Leglock) | Loser HP: 393 / 1606 (24.5%)
WINNER: Ric Flair by SUBMISSION (move: Abdominal Stretch) | Loser HP: 601 / 1606 (37.4%)
WINNER: Ric Flair by SUBMISSION (move: Figure Four Leglock) | Loser HP: 456 / 1606 (28.4%)
WINNER: Lex Luger by SUBMISSION (move: Torture Rack) | Loser HP: 245 / 1506 (16.3%)
WINNER: Ric Flair by SUBMISSION (move: Figure Four Leglock) | Loser HP: 547 / 1606 (34.1%)
WINNER: Ric Flair by SUBMISSION (move: Figure Four Leglock) | Loser HP: 535 / 1606 (33.3%)
WINNER: Ric Flair by SUBMISSION (move: Figure Four Leglock) | Loser HP: 187 / 1606 (11.6%)
WINNER: Ric Flair by SUBMISSION (move: Abdominal Stretch) | Loser HP: 319 / 1606 (19.9%)
WINNER: Ric Flair by SUBMISSION (move: Figure Four Leglock) | Loser HP: 611 / 1606 (38.0%)
WINNER: Ric Flair by SUBMISSION (move: Abdominal Stretch) | Loser HP: 267 / 1606 (16.6%)
WINNER: Ric Flair by SUBMISSION (move: Figure Four Leglock) | Loser HP: 286 / 1606 (17.8%)
WINNER: Ric Flair by SUBMISSION (move: Figure Four Leglock) | Loser HP: 508 / 1606 (31.6%)
WINNER: Ric Flair by SUBMISSION (move: Figure Four Leglock) | Loser HP: 642 / 1606 (40.0%)
WINNER: Lex Luger by SUBMISSION (move: Torture Rack) | Loser HP: 123 / 1506 (8.2%)
WINNER: Ric Flair by SUBMISSION (move: Figure Four Leglock) | Loser HP: 346 / 1606 (21.5%)
WINNER: Lex Luger by SUBMISSION (move: Torture Rack) | Loser HP: 124 / 1506 (8.3%)
WINNER: Ric Flair by SUBMISSION (move: Abdominal Stretch) | Loser HP: 559 / 1606 (34.8%)
WINNER: Ric Flair by SUBMISSION (move: Abdominal Stretch) | Loser HP: 483 / 1606 (30.1%)
WINNER: Ric Flair by SUBMISSION (move: Figure Four Leglock) | Loser HP: 549 / 1606 (34.2%)
WINNER: Ric Flair by SUBMISSION (move: Belly to Back Suplex) | Loser HP: 132 / 1606 (8.2%)
WINNER: Lex Luger by SUBMISSION (move: Torture Rack) | Loser HP: 182 / 1506 (12.1%)
WINNER: Ric Flair by SUBMISSION (move: Figure Four Leglock) | Loser HP: 433 / 1606 (27.0%)
WINNER: Ric Flair by SUBMISSION (move: Belly to Back Suplex) | Loser HP: 633 / 1606 (39.4%)
WINNER: Lex Luger by SUBMISSION (move: Torture Rack) | Loser HP: 331 / 1506 (22.0%)
WINNER: Ric Flair by SUBMISSION (move: Figure Four Leglock) | Loser HP: 286 / 1606 (17.8%)
WINNER: Lex Luger by SUBMISSION (move: Torture Rack) | Loser HP: 155 / 1506 (10.3%)
WINNER: Ric Flair by SUBMISSION (move: Figure Four Leglock) | Loser HP: 478 / 1606 (29.8%)
WINNER: Ric Flair by SUBMISSION (move: Figure Four Leglock) | Loser HP: 374 / 1606 (23.3%)
WINNER: Ric Flair by SUBMISSION (move: Belly to Back Suplex) | Loser HP: 303 / 1606 (18.9%)
WINNER: Lex Luger by SUBMISSION (move: Torture Rack) | Loser HP: 328 / 1506 (21.8%)
WINNER: Ric Flair by SUBMISSION (move: Figure Four Leglock) | Loser HP: 636 / 1606 (39.6%)
WINNER: Ric Flair by SUBMISSION (move: Figure Four Leglock) | Loser HP: 601 / 1606 (37.4%)
WINNER: Ric Flair by SUBMISSION (move: Abdominal Stretch) | Loser HP: 574 / 1606 (35.7%)
WINNER: Ric Flair by SUBMISSION (move: Abdominal Stretch) | Loser HP: 622 / 1606 (38.7%)
WINNER: Ric Flair by SUBMISSION (move: Belly to Back Suplex) | Loser HP: 508 / 1606 (31.6%)
WINNER: Ric Flair by SUBMISSION (move: Abdominal Stretch) | Loser HP: 524 / 1606 (32.6%)
WINNER: Ric Flair by SUBMISSION (move: Figure Four Leglock) | Loser HP: 79 / 1606 (4.9%)
WINNER: Ric Flair by SUBMISSION (move: Abdominal Stretch) | Loser HP: 630 / 1606 (39.2%)
WINNER: Ric Flair by SUBMISSION (move: Figure Four Leglock) | Loser HP: 386 / 1606 (24.0%)
WINNER: Lex Luger by SUBMISSION (move: Torture Rack) | Loser HP: 124 / 1506 (8.3%)
WINNER: Ric Flair by SUBMISSION (move: Belly to Back Suplex) | Loser HP: 425 / 1606 (26.5%)
WINNER: Ric Flair by SUBMISSION (move: Figure Four Leglock) | Loser HP: 524 / 1606 (32.6%)
WINNER: Ric Flair by SUBMISSION (move: Abdominal Stretch) | Loser HP: 509 / 1606 (31.7%)
WINNER: Ric Flair by SUBMISSION (move: Belly to Back Suplex) | Loser HP: 511 / 1606 (31.8%)
WINNER: Ric Flair by SUBMISSION (move: Belly to Back Suplex) | Loser HP: 299 / 1606 (18.6%)
WINNER: Ric Flair by SUBMISSION (move: Abdominal Stretch) | Loser HP: 471 / 1606 (29.3%)
WINNER: Ric Flair by SUBMISSION (move: Abdominal Stretch) | Loser HP: 315 / 1606 (19.6%)
WINNER: Ric Flair by SUBMISSION (move: Abdominal Stretch) | Loser HP: 510 / 1606 (31.8%)
WINNER: Ric Flair by SUBMISSION (move: Figure Four Leglock) | Loser HP: 365 / 1606 (22.7%)
WINNER: Ric Flair by SUBMISSION (move: Abdominal Stretch) | Loser HP: 609 / 1606 (37.9%)
WINNER: Ric Flair by SUBMISSION (move: Abdominal Stretch) | Loser HP: 590 / 1606 (36.7%)
WINNER: Ric Flair by SUBMISSION (move: Figure Four Leglock) | Loser HP: 499 / 1606 (31.1%)
WINNER: Ric Flair by SUBMISSION (move: Figure Four Leglock) | Loser HP: 625 / 1606 (38.9%)
WINNER: Lex Luger by SUBMISSION (move: Torture Rack) | Loser HP: 238 / 1506 (15.8%)
WINNER: Ric Flair by SUBMISSION (move: Abdominal Stretch) | Loser HP: 198 / 1606 (12.3%)
WINNER: Lex Luger by SUBMISSION (move: Torture Rack) | Loser HP: 191 / 1506 (12.7%)
WINNER: Ric Flair by SUBMISSION (move: Figure Four Leglock) | Loser HP: 80 / 1606 (5.0%)
WINNER: Ric Flair by SUBMISSION (move: Abdominal Stretch) | Loser HP: 540 / 1606 (33.6%)
WINNER: Lex Luger by SUBMISSION (move: Torture Rack) | Loser HP: 495 / 1506 (32.9%)
WINNER: Ric Flair by SUBMISSION (move: Figure Four Leglock) | Loser HP: 613 / 1606 (38.2%)
WINNER: Ric Flair by SUBMISSION (move: Figure Four Leglock) | Loser HP: 300 / 1606 (18.7%)
WINNER: Ric Flair by SUBMISSION (move: Figure Four Leglock) | Loser HP: 89 / 1606 (5.5%)
WINNER: Ric Flair by SUBMISSION (move: Belly to Back Suplex) | Loser HP: 414 / 1606 (25.8%)
WINNER: Ric Flair by SUBMISSION (move: Figure Four Leglock) | Loser HP: 562 / 1606 (35.0%)
WINNER: Ric Flair by SUBMISSION (move: Figure Four Leglock) | Loser HP: 527 / 1606 (32.8%)
WINNER: Ric Flair by SUBMISSION (move: Belly to Back Suplex) | Loser HP: 531 / 1606 (33.1%)
WINNER: Ric Flair by SUBMISSION (move: Abdominal Stretch) | Loser HP: 429 / 1606 (26.7%)
WINNER: Lex Luger by SUBMISSION (move: Torture Rack) | Loser HP: 185 / 1506 (12.3%)
WINNER: Ric Flair by SUBMISSION (move: Figure Four Leglock) | Loser HP: 129 / 1606 (8.0%)
WINNER: Ric Flair by SUBMISSION (move: Figure Four Leglock) | Loser HP: 229 / 1606 (14.3%)
WINNER: Lex Luger by SUBMISSION (move: Torture Rack) | Loser HP: 192 / 1506 (12.8%)
WINNER: Ric Flair by SUBMISSION (move: Abdominal Stretch) | Loser HP: 448 / 1606 (27.9%)
WINNER: Ric Flair by SUBMISSION (move: Figure Four Leglock) | Loser HP: 29 / 1606 (1.8%)
WINNER: Lex Luger by SUBMISSION (move: Torture Rack) | Loser HP: 191 / 1506 (12.7%)
WINNER: Ric Flair by SUBMISSION (move: Figure Four Leglock) | Loser HP: 306 / 1606 (19.1%)
WINNER: Lex Luger by SUBMISSION (move: Torture Rack) | Loser HP: 297 / 1506 (19.8%)
WINNER: Lex Luger by SUBMISSION (move: Torture Rack) | Loser HP: 115 / 1506 (7.7%)
WINNER: Ric Flair by SUBMISSION (move: Abdominal Stretch) | Loser HP: 248 / 1606 (15.4%)
WINNER: Ric Flair by SUBMISSION (move: Abdominal Stretch) | Loser HP: 438 / 1606 (27.3%)
WINNER: Ric Flair by SUBMISSION (move: Figure Four Leglock) | Loser HP: 642 / 1606 (40.0%)
WINNER: Ric Flair by SUBMISSION (move: Figure Four Leglock) | Loser HP: 26 / 1606 (1.6%)
WINNER: Ric Flair by SUBMISSION (move: Abdominal Stretch) | Loser HP: 302 / 1606 (18.8%)
WINNER: Ric Flair by SUBMISSION (move: Abdominal Stretch) | Loser HP: 256 / 1606 (15.9%)
WINNER: Lex Luger by SUBMISSION (move: Torture Rack) | Loser HP: 191 / 1506 (12.7%)
WINNER: Ric Flair by SUBMISSION (move: Figure Four Leglock) | Loser HP: 390 / 1606 (24.3%)
WINNER: Ric Flair by SUBMISSION (move: Abdominal Stretch) | Loser HP: 536 / 1606 (33.4%)
WINNER: Ric Flair by SUBMISSION (move: Figure Four Leglock) | Loser HP: 550 / 1606 (34.2%)
WINNER: Lex Luger by SUBMISSION (move: Torture Rack) | Loser HP: 550 / 1506 (36.6%)
WINNER: Lex Luger by SUBMISSION (move: Torture Rack) | Loser HP: 77 / 1506 (5.2%)
WINNER: Ric Flair by SUBMISSION (move: Abdominal Stretch) | Loser HP: 416 / 1606 (25.9%)
WINNER: Ric Flair by SUBMISSION (move: Figure Four Leglock) | Loser HP: 214 / 1606 (13.3%)
WINNER: Ric Flair by SUBMISSION (move: Figure Four Leglock) | Loser HP: 353 / 1606 (22.0%)
WINNER: Ric Flair by SUBMISSION (move: Figure Four Leglock) | Loser HP: 290 / 1606 (18.1%)
WINNER: Lex Luger by SUBMISSION (move: Torture Rack) | Loser HP: 137 / 1506 (9.1%)
WINNER: Ric Flair by SUBMISSION (move: Abdominal Stretch) | Loser HP: 440 / 1606 (27.4%)
WINNER: Ric Flair by SUBMISSION (move: Abdominal Stretch) | Loser HP: 437 / 1606 (27.2%)
WINNER: Ric Flair by SUBMISSION (move: Figure Four Leglock) | Loser HP: 449 / 1606 (28.0%)
WINNER: Lex Luger by SUBMISSION (move: Torture Rack) | Loser HP: 471 / 1506 (31.3%)
WINNER: Ric Flair by SUBMISSION (move: Figure Four Leglock) | Loser HP: 395 / 1606 (24.6%)
WINNER: Lex Luger by SUBMISSION (move: Torture Rack) | Loser HP: 155 / 1506 (10.3%)
WINNER: Ric Flair by SUBMISSION (move: Figure Four Leglock) | Loser HP: 91 / 1606 (5.7%)
WINNER: Ric Flair by SUBMISSION (move: Figure Four Leglock) | Loser HP: 624 / 1606 (38.9%)
WINNER: Ric Flair by SUBMISSION (move: Belly to Back Suplex) | Loser HP: 393 / 1606 (24.5%)
WINNER: Lex Luger by SUBMISSION (move: Torture Rack) | Loser HP: 515 / 1506 (34.2%)
WINNER: Ric Flair by SUBMISSION (move: Figure Four Leglock) | Loser HP: 476 / 1606 (29.6%)
WINNER: Ric Flair by SUBMISSION (move: Figure Four Leglock) | Loser HP: 638 / 1606 (39.7%)
WINNER: Ric Flair by SUBMISSION (move: Figure Four Leglock) | Loser HP: 583 / 1606 (36.3%)
WINNER: Ric Flair by SUBMISSION (move: Figure Four Leglock) | Loser HP: 244 / 1606 (15.2%)
WINNER: Ric Flair by SUBMISSION (move: Figure Four Leglock) | Loser HP: 448 / 1606 (27.9%)
WINNER: Ric Flair by SUBMISSION (move: Belly to Back Suplex) | Loser HP: 612 / 1606 (38.1%)
WINNER: Ric Flair by SUBMISSION (move: Abdominal Stretch) | Loser HP: 340 / 1606 (21.2%)
WINNER: Ric Flair by SUBMISSION (move: Figure Four Leglock) | Loser HP: 248 / 1606 (15.4%)
WINNER: Lex Luger by SUBMISSION (move: Torture Rack) | Loser HP: 491 / 1506 (32.6%)
WINNER: Ric Flair by SUBMISSION (move: Belly to Back Suplex) | Loser HP: 474 / 1606 (29.5%)
WINNER: Ric Flair by SUBMISSION (move: Figure Four Leglock) | Loser HP: 237 / 1606 (14.8%)
WINNER: Lex Luger by SUBMISSION (move: Torture Rack) | Loser HP: 84 / 1506 (5.6%)
WINNER: Ric Flair by SUBMISSION (move: Abdominal Stretch) | Loser HP: 383 / 1606 (23.8%)
WINNER: Ric Flair by SUBMISSION (move: Figure Four Leglock) | Loser HP: 350 / 1606 (21.8%)
WINNER: Ric Flair by SUBMISSION (move: Abdominal Stretch) | Loser HP: 455 / 1606 (28.3%)
WINNER: Ric Flair by SUBMISSION (move: Abdominal Stretch) | Loser HP: 497 / 1606 (30.9%)
WINNER: Lex Luger by SUBMISSION (move: Torture Rack) | Loser HP: 479 / 1506 (31.8%)
WINNER: Lex Luger by SUBMISSION (move: Torture Rack) | Loser HP: 524 / 1506 (34.8%)
WINNER: Ric Flair by SUBMISSION (move: Abdominal Stretch) | Loser HP: 326 / 1606 (20.3%)
WINNER: Ric Flair by SUBMISSION (move: Abdominal Stretch) | Loser HP: 462 / 1606 (28.8%)
WINNER: Ric Flair by SUBMISSION (move: Figure Four Leglock) | Loser HP: 551 / 1606 (34.3%)
WINNER: Ric Flair by SUBMISSION (move: Abdominal Stretch) | Loser HP: 634 / 1606 (39.5%)
WINNER: Ric Flair by SUBMISSION (move: Belly to Back Suplex) | Loser HP: 623 / 1606 (38.8%)
WINNER: Ric Flair by SUBMISSION (move: Figure Four Leglock) | Loser HP: 384 / 1606 (23.9%)
WINNER: Ric Flair by SUBMISSION (move: Abdominal Stretch) | Loser HP: 441 / 1606 (27.5%)
WINNER: Ric Flair by SUBMISSION (move: Figure Four Leglock) | Loser HP: 524 / 1606 (32.6%)
WINNER: Lex Luger by SUBMISSION (move: Torture Rack) | Loser HP: 381 / 1506 (25.3%)
WINNER: Ric Flair by SUBMISSION (move: Figure Four Leglock) | Loser HP: 394 / 1606 (24.5%)
WINNER: Lex Luger by SUBMISSION (move: Torture Rack) | Loser HP: 129 / 1506 (8.6%)
WINNER: Ric Flair by SUBMISSION (move: Abdominal Stretch) | Loser HP: 603 / 1606 (37.5%)
WINNER: Ric Flair by SUBMISSION (move: Figure Four Leglock) | Loser HP: 247 / 1606 (15.4%)
WINNER: Lex Luger by SUBMISSION (move: Torture Rack) | Loser HP: 240 / 1506 (16.0%)
WINNER: Ric Flair by SUBMISSION (move: Belly to Back Suplex) | Loser HP: 398 / 1606 (24.8%)
WINNER: Ric Flair by SUBMISSION (move: Belly to Back Suplex) | Loser HP: 490 / 1606 (30.5%)
WINNER: Ric Flair by SUBMISSION (move: Belly to Back Suplex) | Loser HP: 78 / 1606 (4.9%)
WINNER: Ric Flair by SUBMISSION (move: Abdominal Stretch) | Loser HP: 414 / 1606 (25.8%)
WINNER: Ric Flair by SUBMISSION (move: Figure Four Leglock) | Loser HP: 247 / 1606 (15.4%)
WINNER: Ric Flair by SUBMISSION (move: Belly to Back Suplex) | Loser HP: 191 / 1606 (11.9%)
WINNER: Ric Flair by SUBMISSION (move: Abdominal Stretch) | Loser HP: 428 / 1606 (26.7%)
WINNER: Ric Flair by SUBMISSION (move: Belly to Back Suplex) | Loser HP: 508 / 1606 (31.6%)
WINNER: Ric Flair by SUBMISSION (move: Figure Four Leglock) | Loser HP: 527 / 1606 (32.8%)
WINNER: Ric Flair by SUBMISSION (move: Figure Four Leglock) | Loser HP: 437 / 1606 (27.2%)
WINNER: Ric Flair by SUBMISSION (move: Figure Four Leglock) | Loser HP: 267 / 1606 (16.6%)
WINNER: Lex Luger by SUBMISSION (move: Torture Rack) | Loser HP: 176 / 1506 (11.7%)
WINNER: Ric Flair by SUBMISSION (move: Belly to Back Suplex) | Loser HP: 473 / 1606 (29.5%)
WINNER: Ric Flair by SUBMISSION (move: Abdominal Stretch) | Loser HP: 589 / 1606 (36.7%)
WINNER: Ric Flair by SUBMISSION (move: Abdominal Stretch) | Loser HP: 402 / 1606 (25.0%)
WINNER: Lex Luger by SUBMISSION (move: Torture Rack) | Loser HP: 540 / 1506 (35.9%)
WINNER: Ric Flair by SUBMISSION (move: Figure Four Leglock) | Loser HP: 512 / 1606 (31.9%)
WINNER: Ric Flair by SUBMISSION (move: Figure Four Leglock) | Loser HP: 580 / 1606 (36.1%)
WINNER: Lex Luger by SUBMISSION (move: Torture Rack) | Loser HP: 474 / 1506 (31.5%)
WINNER: Lex Luger by SUBMISSION (move: Torture Rack) | Loser HP: 417 / 1506 (27.7%)
WINNER: Ric Flair by SUBMISSION (move: Belly to Back Suplex) | Loser HP: 511 / 1606 (31.8%)
WINNER: Ric Flair by SUBMISSION (move: Belly to Back Suplex) | Loser HP: 318 / 1606 (19.8%)
WINNER: Ric Flair by SUBMISSION (move: Figure Four Leglock) | Loser HP: 342 / 1606 (21.3%)
WINNER: Ric Flair by SUBMISSION (move: Figure Four Leglock) | Loser HP: 281 / 1606 (17.5%)
WINNER: Lex Luger by SUBMISSION (move: Torture Rack) | Loser HP: 53 / 1506 (3.6%)
WINNER: Lex Luger by SUBMISSION (move: Torture Rack) | Loser HP: 496 / 1506 (33.0%)
WINNER: Ric Flair by SUBMISSION (move: Abdominal Stretch) | Loser HP: 496 / 1606 (30.9%)
WINNER: Ric Flair by SUBMISSION (move: Figure Four Leglock) | Loser HP: 417 / 1606 (26.0%)
WINNER: Lex Luger by SUBMISSION (move: Torture Rack) | Loser HP: 235 / 1506 (15.6%)
WINNER: Ric Flair by SUBMISSION (move: Belly to Back Suplex) | Loser HP: 533 / 1606 (33.2%)
WINNER: Ric Flair by SUBMISSION (move: Belly to Back Suplex) | Loser HP: 606 / 1606 (37.7%)
WINNER: Ric Flair by SUBMISSION (move: Figure Four Leglock) | Loser HP: 68 / 1606 (4.2%)
WINNER: Ric Flair by SUBMISSION (move: Abdominal Stretch) | Loser HP: 498 / 1606 (31.0%)
WINNER: Ric Flair by SUBMISSION (move: Abdominal Stretch) | Loser HP: 530 / 1606 (33.0%)
WINNER: Ric Flair by SUBMISSION (move: Figure Four Leglock) | Loser HP: 591 / 1606 (36.8%)
WINNER: Ric Flair by SUBMISSION (move: Figure Four Leglock) | Loser HP: 333 / 1606 (20.7%)
WINNER: Ric Flair by SUBMISSION (move: Abdominal Stretch) | Loser HP: 337 / 1606 (21.0%)
WINNER: Ric Flair by SUBMISSION (move: Figure Four Leglock) | Loser HP: 440 / 1606 (27.4%)
WINNER: Ric Flair by SUBMISSION (move: Figure Four Leglock) | Loser HP: 630 / 1606 (39.2%)
WINNER: Lex Luger by SUBMISSION (move: Torture Rack) | Loser HP: 20 / 1506 (1.4%)
WINNER: Ric Flair by SUBMISSION (move: Figure Four Leglock) | Loser HP: 322 / 1606 (20.0%)
WINNER: Ric Flair by SUBMISSION (move: Figure Four Leglock) | Loser HP: 622 / 1606 (38.7%)
WINNER: Lex Luger by SUBMISSION (move: Torture Rack) | Loser HP: 133 / 1506 (8.9%)
WINNER: Ric Flair by SUBMISSION (move: Figure Four Leglock) | Loser HP: 506 / 1606 (31.5%)
WINNER: Ric Flair by SUBMISSION (move: Abdominal Stretch) | Loser HP: 315 / 1606 (19.6%)
WINNER: Lex Luger by SUBMISSION (move: Torture Rack) | Loser HP: 189 / 1506 (12.6%)
WINNER: Lex Luger by SUBMISSION (move: Torture Rack) | Loser HP: 392 / 1506 (26.1%)
WINNER: Ric Flair by SUBMISSION (move: Figure Four Leglock) | Loser HP: 516 / 1606 (32.1%)
WINNER: Ric Flair by SUBMISSION (move: Figure Four Leglock) | Loser HP: 261 / 1606 (16.3%)
WINNER: Ric Flair by SUBMISSION (move: Abdominal Stretch) | Loser HP: 348 / 1606 (21.7%)
WINNER: Ric Flair by SUBMISSION (move: Figure Four Leglock) | Loser HP: 534 / 1606 (33.3%)
WINNER: Ric Flair by SUBMISSION (move: Abdominal Stretch) | Loser HP: 574 / 1606 (35.7%)
WINNER: Ric Flair by SUBMISSION (move: Figure Four Leglock) | Loser HP: 452 / 1606 (28.1%)
WINNER: Lex Luger by SUBMISSION (move: Torture Rack) | Loser HP: 203 / 1506 (13.5%)
WINNER: Ric Flair by SUBMISSION (move: Figure Four Leglock) | Loser HP: 157 / 1606 (9.8%)
WINNER: Ric Flair by SUBMISSION (move: Figure Four Leglock) | Loser HP: 97 / 1606 (6.0%)
WINNER: Lex Luger by SUBMISSION (move: Torture Rack) | Loser HP: 330 / 1506 (22.0%)
WINNER: Ric Flair by SUBMISSION (move: Figure Four Leglock) | Loser HP: 27 / 1606 (1.7%)
WINNER: Lex Luger by SUBMISSION (move: Torture Rack) | Loser HP: 8 / 1506 (0.6%)
WINNER: Ric Flair by SUBMISSION (move: Abdominal Stretch) | Loser HP: 249 / 1606 (15.5%)
WINNER: Lex Luger by SUBMISSION (move: Torture Rack) | Loser HP: 577 / 1506 (38.3%)
WINNER: Ric Flair by SUBMISSION (move: Abdominal Stretch) | Loser HP: 197 / 1606 (12.3%)
WINNER: Ric Flair by SUBMISSION (move: Abdominal Stretch) | Loser HP: 564 / 1606 (35.1%)
WINNER: Ric Flair by SUBMISSION (move: Figure Four Leglock) | Loser HP: 381 / 1606 (23.7%)
WINNER: Ric Flair by SUBMISSION (move: Figure Four Leglock) | Loser HP: 532 / 1606 (33.1%)
WINNER: Lex Luger by SUBMISSION (move: Torture Rack) | Loser HP: 165 / 1506 (11.0%)
WINNER: Ric Flair by SUBMISSION (move: Abdominal Stretch) | Loser HP: 471 / 1606 (29.3%)
WINNER: Ric Flair by SUBMISSION (move: Belly to Back Suplex) | Loser HP: 487 / 1606 (30.3%)
WINNER: Ric Flair by SUBMISSION (move: Figure Four Leglock) | Loser HP: 296 / 1606 (18.4%)
WINNER: Ric Flair by SUBMISSION (move: Figure Four Leglock) | Loser HP: 515 / 1606 (32.1%)
WINNER: Ric Flair by SUBMISSION (move: Abdominal Stretch) | Loser HP: 368 / 1606 (22.9%)
WINNER: Ric Flair by SUBMISSION (move: Figure Four Leglock) | Loser HP: 138 / 1606 (8.6%)
WINNER: Ric Flair by SUBMISSION (move: Abdominal Stretch) | Loser HP: 530 / 1606 (33.0%)
WINNER: Ric Flair by SUBMISSION (move: Figure Four Leglock) | Loser HP: 566 / 1606 (35.2%)
WINNER: Ric Flair by SUBMISSION (move: Figure Four Leglock) | Loser HP: 520 / 1606 (32.4%)
WINNER: Lex Luger by SUBMISSION (move: Torture Rack) | Loser HP: 71 / 1506 (4.8%)
WINNER: Ric Flair by SUBMISSION (move: Abdominal Stretch) | Loser HP: 214 / 1606 (13.3%)
WINNER: Ric Flair by SUBMISSION (move: Figure Four Leglock) | Loser HP: 371 / 1606 (23.1%)
WINNER: Ric Flair by SUBMISSION (move: Figure Four Leglock) | Loser HP: 176 / 1606 (11.0%)
WINNER: Lex Luger by SUBMISSION (move: Torture Rack) | Loser HP: 452 / 1506 (30.0%)
WINNER: Ric Flair by SUBMISSION (move: Figure Four Leglock) | Loser HP: 416 / 1606 (25.9%)
WINNER: Lex Luger by SUBMISSION (move: Torture Rack) | Loser HP: 455 / 1506 (30.2%)
WINNER: Lex Luger by SUBMISSION (move: Torture Rack) | Loser HP: 52 / 1506 (3.5%)
WINNER: Lex Luger by SUBMISSION (move: Torture Rack) | Loser HP: 545 / 1506 (36.2%)
WINNER: Ric Flair by SUBMISSION (move: Abdominal Stretch) | Loser HP: 361 / 1606 (22.5%)
WINNER: Lex Luger by SUBMISSION (move: Torture Rack) | Loser HP: 564 / 1506 (37.5%)
WINNER: Ric Flair by SUBMISSION (move: Abdominal Stretch) | Loser HP: 154 / 1606 (9.6%)
WINNER: Ric Flair by SUBMISSION (move: Figure Four Leglock) | Loser HP: 603 / 1606 (37.5%)
WINNER: Ric Flair by SUBMISSION (move: Abdominal Stretch) | Loser HP: 414 / 1606 (25.8%)
WINNER: Ric Flair by SUBMISSION (move: Figure Four Leglock) | Loser HP: 311 / 1606 (19.4%)
WINNER: Ric Flair by SUBMISSION (move: Abdominal Stretch) | Loser HP: 198 / 1606 (12.3%)
WINNER: Ric Flair by SUBMISSION (move: Abdominal Stretch) | Loser HP: 457 / 1606 (28.5%)
WINNER: Ric Flair by SUBMISSION (move: Figure Four Leglock) | Loser HP: 554 / 1606 (34.5%)
WINNER: Ric Flair by SUBMISSION (move: Figure Four Leglock) | Loser HP: 381 / 1606 (23.7%)
WINNER: Ric Flair by SUBMISSION (move: Abdominal Stretch) | Loser HP: 384 / 1606 (23.9%)
WINNER: Ric Flair by SUBMISSION (move: Figure Four Leglock) | Loser HP: 339 / 1606 (21.1%)
WINNER: Ric Flair by SUBMISSION (move: Abdominal Stretch) | Loser HP: 392 / 1606 (24.4%)
WINNER: Ric Flair by SUBMISSION (move: Figure Four Leglock) | Loser HP: 496 / 1606 (30.9%)
WINNER: Ric Flair by SUBMISSION (move: Figure Four Leglock) | Loser HP: 237 / 1606 (14.8%)
WINNER: Ric Flair by SUBMISSION (move: Abdominal Stretch) | Loser HP: 638 / 1606 (39.7%)
WINNER: Ric Flair by SUBMISSION (move: Abdominal Stretch) | Loser HP: 342 / 1606 (21.3%)
WINNER: Ric Flair by SUBMISSION (move: Abdominal Stretch) | Loser HP: 32 / 1606 (2.0%)
WINNER: Ric Flair by SUBMISSION (move: Figure Four Leglock) | Loser HP: 147 / 1606 (9.2%)
WINNER: Ric Flair by SUBMISSION (move: Figure Four Leglock) | Loser HP: 564 / 1606 (35.1%)
WINNER: Ric Flair by SUBMISSION (move: Abdominal Stretch) | Loser HP: 477 / 1606 (29.7%)
WINNER: Ric Flair by SUBMISSION (move: Abdominal Stretch) | Loser HP: 489 / 1606 (30.4%)
WINNER: Ric Flair by SUBMISSION (move: Figure Four Leglock) | Loser HP: 237 / 1606 (14.8%)
WINNER: Lex Luger by SUBMISSION (move: Torture Rack) | Loser HP: 512 / 1506 (34.0%)
WINNER: Ric Flair by SUBMISSION (move: Abdominal Stretch) | Loser HP: 365 / 1606 (22.7%)
WINNER: Lex Luger by SUBMISSION (move: Torture Rack) | Loser HP: 487 / 1506 (32.4%)
WINNER: Ric Flair by SUBMISSION (move: Figure Four Leglock) | Loser HP: 537 / 1606 (33.4%)
WINNER: Ric Flair by SUBMISSION (move: Belly to Back Suplex) | Loser HP: 252 / 1606 (15.7%)
WINNER: Ric Flair by SUBMISSION (move: Abdominal Stretch) | Loser HP: 193 / 1606 (12.0%)
WINNER: Ric Flair by SUBMISSION (move: Abdominal Stretch) | Loser HP: 160 / 1606 (10.0%)
WINNER: Ric Flair by SUBMISSION (move: Abdominal Stretch) | Loser HP: 453 / 1606 (28.2%)
WINNER: Ric Flair by SUBMISSION (move: Abdominal Stretch) | Loser HP: 557 / 1606 (34.7%)
WINNER: Ric Flair by SUBMISSION (move: Figure Four Leglock) | Loser HP: 442 / 1606 (27.5%)
WINNER: Lex Luger by SUBMISSION (move: Torture Rack) | Loser HP: 155 / 1506 (10.3%)
WINNER: Lex Luger by SUBMISSION (move: Torture Rack) | Loser HP: 171 / 1506 (11.4%)
WINNER: Ric Flair by SUBMISSION (move: Figure Four Leglock) | Loser HP: 526 / 1606 (32.8%)
WINNER: Lex Luger by SUBMISSION (move: Torture Rack) | Loser HP: 260 / 1506 (17.3%)
WINNER: Ric Flair by SUBMISSION (move: Abdominal Stretch) | Loser HP: 136 / 1606 (8.5%)
WINNER: Ric Flair by SUBMISSION (move: Abdominal Stretch) | Loser HP: 625 / 1606 (38.9%)
WINNER: Ric Flair by SUBMISSION (move: Abdominal Stretch) | Loser HP: 547 / 1606 (34.1%)
WINNER: Ric Flair by SUBMISSION (move: Figure Four Leglock) | Loser HP: 638 / 1606 (39.7%)
WINNER: Lex Luger by SUBMISSION (move: Torture Rack) | Loser HP: 82 / 1506 (5.5%)
WINNER: Ric Flair by SUBMISSION (move: Abdominal Stretch) | Loser HP: 407 / 1606 (25.3%)
WINNER: Ric Flair by SUBMISSION (move: Figure Four Leglock) | Loser HP: 364 / 1606 (22.7%)
WINNER: Ric Flair by SUBMISSION (move: Figure Four Leglock) | Loser HP: 536 / 1606 (33.4%)
WINNER: Ric Flair by SUBMISSION (move: Belly to Back Suplex) | Loser HP: 307 / 1606 (19.1%)
WINNER: Ric Flair by SUBMISSION (move: Figure Four Leglock) | Loser HP: 288 / 1606 (17.9%)
WINNER: Ric Flair by SUBMISSION (move: Abdominal Stretch) | Loser HP: 383 / 1606 (23.8%)
WINNER: Ric Flair by SUBMISSION (move: Abdominal Stretch) | Loser HP: 443 / 1606 (27.6%)
WINNER: Ric Flair by SUBMISSION (move: Abdominal Stretch) | Loser HP: 579 / 1606 (36.1%)
WINNER: Ric Flair by SUBMISSION (move: Abdominal Stretch) | Loser HP: 530 / 1606 (33.0%)
WINNER: Ric Flair by SUBMISSION (move: Figure Four Leglock) | Loser HP: 238 / 1606 (14.8%)
WINNER: Ric Flair by SUBMISSION (move: Figure Four Leglock) | Loser HP: 495 / 1606 (30.8%)
WINNER: Ric Flair by SUBMISSION (move: Figure Four Leglock) | Loser HP: 470 / 1606 (29.3%)
WINNER: Ric Flair by SUBMISSION (move: Belly to Back Suplex) | Loser HP: 611 / 1606 (38.0%)
WINNER: Ric Flair by SUBMISSION (move: Abdominal Stretch) | Loser HP: 575 / 1606 (35.8%)
WINNER: Ric Flair by SUBMISSION (move: Abdominal Stretch) | Loser HP: 465 / 1606 (29.0%)
WINNER: Lex Luger by SUBMISSION (move: Torture Rack) | Loser HP: 576 / 1506 (38.3%)
WINNER: Ric Flair by SUBMISSION (move: Figure Four Leglock) | Loser HP: 565 / 1606 (35.2%)
WINNER: Ric Flair by SUBMISSION (move: Belly to Back Suplex) | Loser HP: 367 / 1606 (22.9%)
WINNER: Ric Flair by SUBMISSION (move: Abdominal Stretch) | Loser HP: 425 / 1606 (26.5%)
WINNER: Lex Luger by SUBMISSION (move: Torture Rack) | Loser HP: 145 / 1506 (9.7%)
WINNER: Ric Flair by SUBMISSION (move: Abdominal Stretch) | Loser HP: 485 / 1606 (30.2%)
WINNER: Ric Flair by SUBMISSION (move: Figure Four Leglock) | Loser HP: 530 / 1606 (33.0%)
WINNER: Ric Flair by SUBMISSION (move: Abdominal Stretch) | Loser HP: 475 / 1606 (29.6%)
WINNER: Ric Flair by SUBMISSION (move: Abdominal Stretch) | Loser HP: 614 / 1606 (38.2%)
WINNER: Ric Flair by SUBMISSION (move: Figure Four Leglock) | Loser HP: 454 / 1606 (28.3%)
WINNER: Ric Flair by SUBMISSION (move: Abdominal Stretch) | Loser HP: 347 / 1606 (21.6%)
WINNER: Lex Luger by SUBMISSION (move: Torture Rack) | Loser HP: 160 / 1506 (10.7%)
WINNER: Ric Flair by SUBMISSION (move: Figure Four Leglock) | Loser HP: 614 / 1606 (38.2%)
WINNER: Ric Flair by SUBMISSION (move: Figure Four Leglock) | Loser HP: 359 / 1606 (22.4%)
WINNER: Ric Flair by SUBMISSION (move: Figure Four Leglock) | Loser HP: 186 / 1606 (11.6%)
WINNER: Ric Flair by SUBMISSION (move: Abdominal Stretch) | Loser HP: 573 / 1606 (35.7%)
WINNER: Lex Luger by SUBMISSION (move: Torture Rack) | Loser HP: 47 / 1506 (3.2%)
WINNER: Ric Flair by SUBMISSION (move: Abdominal Stretch) | Loser HP: 570 / 1606 (35.5%)
WINNER: Ric Flair by SUBMISSION (move: Belly to Back Suplex) | Loser HP: 603 / 1606 (37.5%)
WINNER: Lex Luger by SUBMISSION (move: Torture Rack) | Loser HP: 159 / 1506 (10.6%)
WINNER: Ric Flair by SUBMISSION (move: Abdominal Stretch) | Loser HP: 330 / 1606 (20.5%)
WINNER: Ric Flair by SUBMISSION (move: Figure Four Leglock) | Loser HP: 524 / 1606 (32.6%)
WINNER: Ric Flair by SUBMISSION (move: Abdominal Stretch) | Loser HP: 599 / 1606 (37.3%)
WINNER: Lex Luger by SUBMISSION (move: Torture Rack) | Loser HP: 484 / 1506 (32.2%)
WINNER: Ric Flair by SUBMISSION (move: Figure Four Leglock) | Loser HP: 417 / 1606 (26.0%)
WINNER: Ric Flair by SUBMISSION (move: Figure Four Leglock) | Loser HP: 417 / 1606 (26.0%)
WINNER: Ric Flair by SUBMISSION (move: Figure Four Leglock) | Loser HP: 401 / 1606 (25.0%)
WINNER: Ric Flair by SUBMISSION (move: Abdominal Stretch) | Loser HP: 571 / 1606 (35.6%)
WINNER: Ric Flair by SUBMISSION (move: Figure Four Leglock) | Loser HP: 492 / 1606 (30.6%)
WINNER: Ric Flair by SUBMISSION (move: Figure Four Leglock) | Loser HP: 452 / 1606 (28.1%)
WINNER: Ric Flair by SUBMISSION (move: Figure Four Leglock) | Loser HP: 252 / 1606 (15.7%)
WINNER: Ric Flair by SUBMISSION (move: Abdominal Stretch) | Loser HP: 452 / 1606 (28.1%)
WINNER: Ric Flair by SUBMISSION (move: Belly to Back Suplex) | Loser HP: 577 / 1606 (35.9%)
WINNER: Ric Flair by SUBMISSION (move: Abdominal Stretch) | Loser HP: 202 / 1606 (12.6%)
WINNER: Ric Flair by SUBMISSION (move: Abdominal Stretch) | Loser HP: 529 / 1606 (32.9%)
WINNER: Ric Flair by SUBMISSION (move: Abdominal Stretch) | Loser HP: 629 / 1606 (39.2%)
WINNER: Lex Luger by SUBMISSION (move: Torture Rack) | Loser HP: 406 / 1506 (27.0%)
WINNER: Ric Flair by SUBMISSION (move: Figure Four Leglock) | Loser HP: 489 / 1606 (30.4%)
WINNER: Lex Luger by SUBMISSION (move: Torture Rack) | Loser HP: 23 / 1506 (1.6%)
WINNER: Lex Luger by SUBMISSION (move: Torture Rack) | Loser HP: 187 / 1506 (12.5%)
WINNER: Lex Luger by SUBMISSION (move: Torture Rack) | Loser HP: 150 / 1506 (10.0%)
WINNER: Ric Flair by SUBMISSION (move: Figure Four Leglock) | Loser HP: 354 / 1606 (22.0%)
WINNER: Ric Flair by SUBMISSION (move: Figure Four Leglock) | Loser HP: 450 / 1606 (28.0%)
WINNER: Ric Flair by SUBMISSION (move: Abdominal Stretch) | Loser HP: 105 / 1606 (6.5%)
WINNER: Ric Flair by SUBMISSION (move: Abdominal Stretch) | Loser HP: 435 / 1606 (27.1%)
WINNER: Lex Luger by SUBMISSION (move: Torture Rack) | Loser HP: 209 / 1506 (13.9%)
WINNER: Ric Flair by SUBMISSION (move: Figure Four Leglock) | Loser HP: 566 / 1606 (35.2%)
WINNER: Ric Flair by SUBMISSION (move: Figure Four Leglock) | Loser HP: 520 / 1606 (32.4%)
WINNER: Ric Flair by SUBMISSION (move: Figure Four Leglock) | Loser HP: 509 / 1606 (31.7%)
WINNER: Lex Luger by SUBMISSION (move: Torture Rack) | Loser HP: 597 / 1506 (39.7%)
WINNER: Ric Flair by SUBMISSION (move: Figure Four Leglock) | Loser HP: 413 / 1606 (25.7%)
WINNER: Ric Flair by SUBMISSION (move: Abdominal Stretch) | Loser HP: 615 / 1606 (38.3%)
WINNER: Lex Luger by SUBMISSION (move: Torture Rack) | Loser HP: 239 / 1506 (15.9%)
WINNER: Lex Luger by SUBMISSION (move: Torture Rack) | Loser HP: 590 / 1506 (39.2%)
WINNER: Ric Flair by SUBMISSION (move: Figure Four Leglock) | Loser HP: 528 / 1606 (32.9%)
WINNER: Ric Flair by SUBMISSION (move: Figure Four Leglock) | Loser HP: 6 / 1606 (0.4%)
WINNER: Ric Flair by SUBMISSION (move: Abdominal Stretch) | Loser HP: 352 / 1606 (21.9%)
WINNER: Lex Luger by SUBMISSION (move: Torture Rack) | Loser HP: 80 / 1506 (5.4%)
WINNER: Lex Luger by SUBMISSION (move: Torture Rack) | Loser HP: 510 / 1506 (33.9%)
WINNER: Ric Flair by SUBMISSION (move: Figure Four Leglock) | Loser HP: 548 / 1606 (34.1%)
WINNER: Ric Flair by SUBMISSION (move: Belly to Back Suplex) | Loser HP: 315 / 1606 (19.6%)
WINNER: Ric Flair by SUBMISSION (move: Abdominal Stretch) | Loser HP: 27 / 1606 (1.7%)
WINNER: Ric Flair by SUBMISSION (move: Figure Four Leglock) | Loser HP: 393 / 1606 (24.5%)
WINNER: Lex Luger by SUBMISSION (move: Torture Rack) | Loser HP: 183 / 1506 (12.2%)
WINNER: Ric Flair by SUBMISSION (move: Figure Four Leglock) | Loser HP: 641 / 1606 (39.9%)
WINNER: Ric Flair by SUBMISSION (move: Abdominal Stretch) | Loser HP: 458 / 1606 (28.5%)
WINNER: Ric Flair by SUBMISSION (move: Figure Four Leglock) | Loser HP: 417 / 1606 (26.0%)
WINNER: Ric Flair by SUBMISSION (move: Figure Four Leglock) | Loser HP: 404 / 1606 (25.2%)
WINNER: Lex Luger by SUBMISSION (move: Torture Rack) | Loser HP: 488 / 1506 (32.4%)
WINNER: Ric Flair by SUBMISSION (move: Figure Four Leglock) | Loser HP: 52 / 1606 (3.2%)
WINNER: Ric Flair by SUBMISSION (move: Figure Four Leglock) | Loser HP: 185 / 1606 (11.5%)
WINNER: Lex Luger by SUBMISSION (move: Torture Rack) | Loser HP: 103 / 1506 (6.9%)
WINNER: Ric Flair by SUBMISSION (move: Abdominal Stretch) | Loser HP: 476 / 1606 (29.6%)
WINNER: Ric Flair by SUBMISSION (move: Abdominal Stretch) | Loser HP: 292 / 1606 (18.2%)
WINNER: Ric Flair by SUBMISSION (move: Abdominal Stretch) | Loser HP: 231 / 1606 (14.4%)
WINNER: Ric Flair by SUBMISSION (move: Figure Four Leglock) | Loser HP: 254 / 1606 (15.8%)
WINNER: Ric Flair by SUBMISSION (move: Figure Four Leglock) | Loser HP: 234 / 1606 (14.6%)
WINNER: Lex Luger by SUBMISSION (move: Torture Rack) | Loser HP: 393 / 1506 (26.1%)
WINNER: Ric Flair by SUBMISSION (move: Abdominal Stretch) | Loser HP: 501 / 1606 (31.2%)
WINNER: Ric Flair by SUBMISSION (move: Abdominal Stretch) | Loser HP: 332 / 1606 (20.7%)
WINNER: Ric Flair by SUBMISSION (move: Abdominal Stretch) | Loser HP: 618 / 1606 (38.5%)
WINNER: Ric Flair by SUBMISSION (move: Abdominal Stretch) | Loser HP: 193 / 1606 (12.0%)
WINNER: Lex Luger by SUBMISSION (move: Torture Rack) | Loser HP: 165 / 1506 (11.0%)
WINNER: Ric Flair by SUBMISSION (move: Figure Four Leglock) | Loser HP: 265 / 1606 (16.5%)
WINNER: Ric Flair by SUBMISSION (move: Figure Four Leglock) | Loser HP: 625 / 1606 (38.9%)
WINNER: Ric Flair by SUBMISSION (move: Abdominal Stretch) | Loser HP: 487 / 1606 (30.3%)
WINNER: Lex Luger by SUBMISSION (move: Torture Rack) | Loser HP: 204 / 1506 (13.6%)
WINNER: Ric Flair by SUBMISSION (move: Abdominal Stretch) | Loser HP: 184 / 1606 (11.5%)
WINNER: Ric Flair by SUBMISSION (move: Figure Four Leglock) | Loser HP: 311 / 1606 (19.4%)
WINNER: Ric Flair by SUBMISSION (move: Figure Four Leglock) | Loser HP: 283 / 1606 (17.6%)
WINNER: Ric Flair by SUBMISSION (move: Belly to Back Suplex) | Loser HP: 473 / 1606 (29.5%)
WINNER: Ric Flair by SUBMISSION (move: Abdominal Stretch) | Loser HP: 463 / 1606 (28.8%)
WINNER: Lex Luger by SUBMISSION (move: Torture Rack) | Loser HP: 598 / 1506 (39.7%)
WINNER: Ric Flair by SUBMISSION (move: Figure Four Leglock) | Loser HP: 304 / 1606 (18.9%)
WINNER: Ric Flair by SUBMISSION (move: Figure Four Leglock) | Loser HP: 554 / 1606 (34.5%)
WINNER: Ric Flair by SUBMISSION (move: Figure Four Leglock) | Loser HP: 200 / 1606 (12.5%)
WINNER: Lex Luger by SUBMISSION (move: Torture Rack) | Loser HP: 112 / 1506 (7.5%)
WINNER: Ric Flair by SUBMISSION (move: Figure Four Leglock) | Loser HP: 252 / 1606 (15.7%)
WINNER: Lex Luger by SUBMISSION (move: Torture Rack) | Loser HP: 510 / 1506 (33.9%)
WINNER: Ric Flair by SUBMISSION (move: Figure Four Leglock) | Loser HP: 619 / 1606 (38.5%)
WINNER: Ric Flair by SUBMISSION (move: Figure Four Leglock) | Loser HP: 614 / 1606 (38.2%)
WINNER: Lex Luger by SUBMISSION (move: Torture Rack) | Loser HP: 92 / 1506 (6.2%)
WINNER: Ric Flair by SUBMISSION (move: Abdominal Stretch) | Loser HP: 249 / 1606 (15.5%)
WINNER: Lex Luger by SUBMISSION (move: Torture Rack) | Loser HP: 231 / 1506 (15.4%)
WINNER: Ric Flair by SUBMISSION (move: Abdominal Stretch) | Loser HP: 561 / 1606 (34.9%)
WINNER: Ric Flair by SUBMISSION (move: Figure Four Leglock) | Loser HP: 353 / 1606 (22.0%)
WINNER: Ric Flair by SUBMISSION (move: Figure Four Leglock) | Loser HP: 394 / 1606 (24.5%)
WINNER: Ric Flair by SUBMISSION (move: Abdominal Stretch) | Loser HP: 428 / 1606 (26.7%)
WINNER: Ric Flair by SUBMISSION (move: Abdominal Stretch) | Loser HP: 333 / 1606 (20.7%)
WINNER: Ric Flair by SUBMISSION (move: Figure Four Leglock) | Loser HP: 299 / 1606 (18.6%)
WINNER: Ric Flair by SUBMISSION (move: Abdominal Stretch) | Loser HP: 615 / 1606 (38.3%)
WINNER: Lex Luger by SUBMISSION (move: Torture Rack) | Loser HP: 84 / 1506 (5.6%)
WINNER: Ric Flair by SUBMISSION (move: Figure Four Leglock) | Loser HP: 360 / 1606 (22.4%)
WINNER: Ric Flair by SUBMISSION (move: Figure Four Leglock) | Loser HP: 418 / 1606 (26.0%)
WINNER: Ric Flair by SUBMISSION (move: Figure Four Leglock) | Loser HP: 387 / 1606 (24.1%)
WINNER: Ric Flair by SUBMISSION (move: Figure Four Leglock) | Loser HP: 600 / 1606 (37.4%)
WINNER: Ric Flair by SUBMISSION (move: Belly to Back Suplex) | Loser HP: 275 / 1606 (17.1%)
WINNER: Ric Flair by SUBMISSION (move: Abdominal Stretch) | Loser HP: 523 / 1606 (32.6%)
WINNER: Ric Flair by SUBMISSION (move: Belly to Back Suplex) | Loser HP: 491 / 1606 (30.6%)
WINNER: Ric Flair by SUBMISSION (move: Abdominal Stretch) | Loser HP: 601 / 1606 (37.4%)
WINNER: Ric Flair by SUBMISSION (move: Abdominal Stretch) | Loser HP: 611 / 1606 (38.0%)
WINNER: Lex Luger by SUBMISSION (move: Torture Rack) | Loser HP: 39 / 1506 (2.6%)
WINNER: Ric Flair by SUBMISSION (move: Abdominal Stretch) | Loser HP: 376 / 1606 (23.4%)
WINNER: Lex Luger by SUBMISSION (move: Torture Rack) | Loser HP: 32 / 1506 (2.2%)
WINNER: Ric Flair by SUBMISSION (move: Figure Four Leglock) | Loser HP: 439 / 1606 (27.3%)
WINNER: Ric Flair by SUBMISSION (move: Figure Four Leglock) | Loser HP: 609 / 1606 (37.9%)
WINNER: Ric Flair by SUBMISSION (move: Belly to Back Suplex) | Loser HP: 535 / 1606 (33.3%)
WINNER: Lex Luger by SUBMISSION (move: Torture Rack) | Loser HP: 129 / 1506 (8.6%)
WINNER: Ric Flair by SUBMISSION (move: Belly to Back Suplex) | Loser HP: 636 / 1606 (39.6%)
WINNER: Ric Flair by SUBMISSION (move: Figure Four Leglock) | Loser HP: 109 / 1606 (6.8%)
WINNER: Ric Flair by SUBMISSION (move: Belly to Back Suplex) | Loser HP: 319 / 1606 (19.9%)
WINNER: Ric Flair by SUBMISSION (move: Abdominal Stretch) | Loser HP: 587 / 1606 (36.6%)
WINNER: Ric Flair by SUBMISSION (move: Abdominal Stretch) | Loser HP: 484 / 1606 (30.1%)
WINNER: Ric Flair by SUBMISSION (move: Abdominal Stretch) | Loser HP: 633 / 1606 (39.4%)
WINNER: Ric Flair by SUBMISSION (move: Belly to Back Suplex) | Loser HP: 617 / 1606 (38.4%)
WINNER: Ric Flair by SUBMISSION (move: Abdominal Stretch) | Loser HP: 459 / 1606 (28.6%)
WINNER: Lex Luger by SUBMISSION (move: Torture Rack) | Loser HP: 137 / 1506 (9.1%)
WINNER: Lex Luger by SUBMISSION (move: Torture Rack) | Loser HP: 193 / 1506 (12.9%)
WINNER: Lex Luger by SUBMISSION (move: Torture Rack) | Loser HP: 94 / 1506 (6.3%)
WINNER: Ric Flair by SUBMISSION (move: Belly to Back Suplex) | Loser HP: 637 / 1606 (39.7%)
WINNER: Ric Flair by SUBMISSION (move: Figure Four Leglock) | Loser HP: 71 / 1606 (4.4%)
WINNER: Ric Flair by SUBMISSION (move: Figure Four Leglock) | Loser HP: 357 / 1606 (22.2%)
WINNER: Ric Flair by SUBMISSION (move: Belly to Back Suplex) | Loser HP: 238 / 1606 (14.8%)
WINNER: Ric Flair by SUBMISSION (move: Abdominal Stretch) | Loser HP: 293 / 1606 (18.2%)
WINNER: Ric Flair by SUBMISSION (move: Belly to Back Suplex) | Loser HP: 554 / 1606 (34.5%)
WINNER: Lex Luger by SUBMISSION (move: Torture Rack) | Loser HP: 544 / 1506 (36.2%)
WINNER: Ric Flair by SUBMISSION (move: Belly to Back Suplex) | Loser HP: 93 / 1606 (5.8%)
WINNER: Ric Flair by SUBMISSION (move: Figure Four Leglock) | Loser HP: 115 / 1606 (7.2%)
WINNER: Lex Luger by SUBMISSION (move: Torture Rack) | Loser HP: 192 / 1506 (12.8%)
WINNER: Lex Luger by SUBMISSION (move: Torture Rack) | Loser HP: 567 / 1506 (37.7%)
WINNER: Ric Flair by SUBMISSION (move: Figure Four Leglock) | Loser HP: 26 / 1606 (1.6%)
WINNER: Ric Flair by SUBMISSION (move: Abdominal Stretch) | Loser HP: 637 / 1606 (39.7%)
WINNER: Lex Luger by SUBMISSION (move: Torture Rack) | Loser HP: 81 / 1506 (5.4%)
WINNER: Ric Flair by SUBMISSION (move: Figure Four Leglock) | Loser HP: 291 / 1606 (18.1%)
WINNER: Ric Flair by SUBMISSION (move: Abdominal Stretch) | Loser HP: 111 / 1606 (6.9%)
WINNER: Ric Flair by SUBMISSION (move: Abdominal Stretch) | Loser HP: 496 / 1606 (30.9%)
WINNER: Lex Luger by SUBMISSION (move: Torture Rack) | Loser HP: 507 / 1506 (33.7%)
WINNER: Ric Flair by SUBMISSION (move: Abdominal Stretch) | Loser HP: 611 / 1606 (38.0%)
WINNER: Ric Flair by SUBMISSION (move: Figure Four Leglock) | Loser HP: 507 / 1606 (31.6%)
WINNER: Ric Flair by SUBMISSION (move: Figure Four Leglock) | Loser HP: 617 / 1606 (38.4%)
WINNER: Ric Flair by SUBMISSION (move: Figure Four Leglock) | Loser HP: 214 / 1606 (13.3%)
WINNER: Lex Luger by SUBMISSION (move: Torture Rack) | Loser HP: 359 / 1506 (23.9%)
WINNER: Ric Flair by SUBMISSION (move: Abdominal Stretch) | Loser HP: 620 / 1606 (38.6%)
WINNER: Ric Flair by SUBMISSION (move: Belly to Back Suplex) | Loser HP: 478 / 1606 (29.8%)
WINNER: Ric Flair by SUBMISSION (move: Abdominal Stretch) | Loser HP: 242 / 1606 (15.1%)
WINNER: Lex Luger by SUBMISSION (move: Torture Rack) | Loser HP: 171 / 1506 (11.4%)
WINNER: Ric Flair by SUBMISSION (move: Figure Four Leglock) | Loser HP: 81 / 1606 (5.0%)
WINNER: Ric Flair by SUBMISSION (move: Abdominal Stretch) | Loser HP: 485 / 1606 (30.2%)
WINNER: Ric Flair by SUBMISSION (move: Abdominal Stretch) | Loser HP: 308 / 1606 (19.2%)
WINNER: Ric Flair by SUBMISSION (move: Figure Four Leglock) | Loser HP: 576 / 1606 (35.9%)
WINNER: Ric Flair by SUBMISSION (move: Abdominal Stretch) | Loser HP: 608 / 1606 (37.9%)
WINNER: Ric Flair by SUBMISSION (move: Abdominal Stretch) | Loser HP: 111 / 1606 (6.9%)
WINNER: Ric Flair by SUBMISSION (move: Belly to Back Suplex) | Loser HP: 423 / 1606 (26.3%)
WINNER: Ric Flair by SUBMISSION (move: Abdominal Stretch) | Loser HP: 445 / 1606 (27.7%)
WINNER: Ric Flair by SUBMISSION (move: Figure Four Leglock) | Loser HP: 584 / 1606 (36.4%)
WINNER: Lex Luger by SUBMISSION (move: Torture Rack) | Loser HP: 211 / 1506 (14.1%)
WINNER: Ric Flair by SUBMISSION (move: Abdominal Stretch) | Loser HP: 514 / 1606 (32.0%)
WINNER: Ric Flair by SUBMISSION (move: Belly to Back Suplex) | Loser HP: 536 / 1606 (33.4%)
WINNER: Ric Flair by SUBMISSION (move: Figure Four Leglock) | Loser HP: 562 / 1606 (35.0%)
WINNER: Ric Flair by SUBMISSION (move: Abdominal Stretch) | Loser HP: 590 / 1606 (36.7%)
WINNER: Ric Flair by SUBMISSION (move: Abdominal Stretch) | Loser HP: 536 / 1606 (33.4%)
WINNER: Ric Flair by SUBMISSION (move: Abdominal Stretch) | Loser HP: 407 / 1606 (25.3%)
WINNER: Ric Flair by SUBMISSION (move: Figure Four Leglock) | Loser HP: 504 / 1606 (31.4%)
WINNER: Ric Flair by SUBMISSION (move: Abdominal Stretch) | Loser HP: 427 / 1606 (26.6%)
WINNER: Ric Flair by SUBMISSION (move: Abdominal Stretch) | Loser HP: 526 / 1606 (32.8%)
WINNER: Ric Flair by SUBMISSION (move: Figure Four Leglock) | Loser HP: 485 / 1606 (30.2%)
WINNER: Ric Flair by SUBMISSION (move: Figure Four Leglock) | Loser HP: 238 / 1606 (14.8%)
WINNER: Ric Flair by SUBMISSION (move: Abdominal Stretch) | Loser HP: 464 / 1606 (28.9%)
WINNER: Ric Flair by SUBMISSION (move: Figure Four Leglock) | Loser HP: 385 / 1606 (24.0%)
WINNER: Ric Flair by SUBMISSION (move: Abdominal Stretch) | Loser HP: 635 / 1606 (39.5%)
WINNER: Ric Flair by SUBMISSION (move: Figure Four Leglock) | Loser HP: 270 / 1606 (16.8%)
WINNER: Ric Flair by SUBMISSION (move: Figure Four Leglock) | Loser HP: 533 / 1606 (33.2%)
WINNER: Ric Flair by SUBMISSION (move: Figure Four Leglock) | Loser HP: 404 / 1606 (25.2%)
WINNER: Ric Flair by SUBMISSION (move: Figure Four Leglock) | Loser HP: 172 / 1606 (10.7%)
WINNER: Lex Luger by SUBMISSION (move: Torture Rack) | Loser HP: 149 / 1506 (9.9%)
WINNER: Ric Flair by SUBMISSION (move: Figure Four Leglock) | Loser HP: 255 / 1606 (15.9%)
WINNER: Lex Luger by SUBMISSION (move: Torture Rack) | Loser HP: 416 / 1506 (27.7%)
WINNER: Lex Luger by SUBMISSION (move: Torture Rack) | Loser HP: 88 / 1506 (5.9%)
WINNER: Ric Flair by SUBMISSION (move: Figure Four Leglock) | Loser HP: 605 / 1606 (37.7%)
WINNER: Ric Flair by SUBMISSION (move: Abdominal Stretch) | Loser HP: 430 / 1606 (26.8%)
WINNER: Ric Flair by SUBMISSION (move: Figure Four Leglock) | Loser HP: 407 / 1606 (25.3%)
WINNER: Ric Flair by SUBMISSION (move: Figure Four Leglock) | Loser HP: 490 / 1606 (30.5%)
WINNER: Ric Flair by SUBMISSION (move: Belly to Back Suplex) | Loser HP: 612 / 1606 (38.1%)
WINNER: Ric Flair by SUBMISSION (move: Figure Four Leglock) | Loser HP: 342 / 1606 (21.3%)
WINNER: Ric Flair by SUBMISSION (move: Figure Four Leglock) | Loser HP: 316 / 1606 (19.7%)
WINNER: Ric Flair by SUBMISSION (move: Abdominal Stretch) | Loser HP: 520 / 1606 (32.4%)
WINNER: Ric Flair by SUBMISSION (move: Figure Four Leglock) | Loser HP: 422 / 1606 (26.3%)
WINNER: Ric Flair by SUBMISSION (move: Figure Four Leglock) | Loser HP: 443 / 1606 (27.6%)
WINNER: Ric Flair by SUBMISSION (move: Abdominal Stretch) | Loser HP: 560 / 1606 (34.9%)
WINNER: Ric Flair by SUBMISSION (move: Abdominal Stretch) | Loser HP: 295 / 1606 (18.4%)
WINNER: Ric Flair by SUBMISSION (move: Belly to Back Suplex) | Loser HP: 424 / 1606 (26.4%)
WINNER: Ric Flair by SUBMISSION (move: Belly to Back Suplex) | Loser HP: 639 / 1606 (39.8%)
WINNER: Ric Flair by SUBMISSION (move: Belly to Back Suplex) | Loser HP: 278 / 1606 (17.3%)
WINNER: Ric Flair by SUBMISSION (move: Belly to Back Suplex) | Loser HP: 449 / 1606 (28.0%)
WINNER: Ric Flair by SUBMISSION (move: Abdominal Stretch) | Loser HP: 485 / 1606 (30.2%)
WINNER: Ric Flair by SUBMISSION (move: Abdominal Stretch) | Loser HP: 186 / 1606 (11.6%)
WINNER: Ric Flair by SUBMISSION (move: Figure Four Leglock) | Loser HP: 605 / 1606 (37.7%)
WINNER: Ric Flair by SUBMISSION (move: Figure Four Leglock) | Loser HP: 271 / 1606 (16.9%)
WINNER: Ric Flair by SUBMISSION (move: Belly to Back Suplex) | Loser HP: 375 / 1606 (23.3%)
WINNER: Ric Flair by SUBMISSION (move: Figure Four Leglock) | Loser HP: 545 / 1606 (33.9%)
WINNER: Ric Flair by SUBMISSION (move: Figure Four Leglock) | Loser HP: 378 / 1606 (23.5%)
WINNER: Ric Flair by SUBMISSION (move: Figure Four Leglock) | Loser HP: 552 / 1606 (34.4%)
WINNER: Ric Flair by SUBMISSION (move: Figure Four Leglock) | Loser HP: 7 / 1606 (0.4%)
WINNER: Ric Flair by SUBMISSION (move: Figure Four Leglock) | Loser HP: 569 / 1606 (35.4%)
WINNER: Ric Flair by SUBMISSION (move: Figure Four Leglock) | Loser HP: 505 / 1606 (31.4%)
WINNER: Ric Flair by SUBMISSION (move: Figure Four Leglock) | Loser HP: 197 / 1606 (12.3%)
WINNER: Ric Flair by SUBMISSION (move: Figure Four Leglock) | Loser HP: 362 / 1606 (22.5%)
WINNER: Ric Flair by SUBMISSION (move: Belly to Back Suplex) | Loser HP: 24 / 1606 (1.5%)
WINNER: Ric Flair by SUBMISSION (move: Abdominal Stretch) | Loser HP: 125 / 1606 (7.8%)
WINNER: Ric Flair by SUBMISSION (move: Figure Four Leglock) | Loser HP: 406 / 1606 (25.3%)
WINNER: Lex Luger by SUBMISSION (move: Torture Rack) | Loser HP: 470 / 1506 (31.2%)
WINNER: Ric Flair by SUBMISSION (move: Belly to Back Suplex) | Loser HP: 602 / 1606 (37.5%)
WINNER: Ric Flair by SUBMISSION (move: Abdominal Stretch) | Loser HP: 322 / 1606 (20.0%)
WINNER: Lex Luger by SUBMISSION (move: Torture Rack) | Loser HP: 65 / 1506 (4.4%)
WINNER: Ric Flair by SUBMISSION (move: Figure Four Leglock) | Loser HP: 521 / 1606 (32.4%)
WINNER: Ric Flair by SUBMISSION (move: Abdominal Stretch) | Loser HP: 422 / 1606 (26.3%)
WINNER: Ric Flair by SUBMISSION (move: Figure Four Leglock) | Loser HP: 607 / 1606 (37.8%)
WINNER: Ric Flair by SUBMISSION (move: Abdominal Stretch) | Loser HP: 176 / 1606 (11.0%)
WINNER: Ric Flair by SUBMISSION (move: Figure Four Leglock) | Loser HP: 229 / 1606 (14.3%)
WINNER: Ric Flair by SUBMISSION (move: Figure Four Leglock) | Loser HP: 28 / 1606 (1.7%)
WINNER: Ric Flair by SUBMISSION (move: Figure Four Leglock) | Loser HP: 524 / 1606 (32.6%)
WINNER: Ric Flair by SUBMISSION (move: Figure Four Leglock) | Loser HP: 171 / 1606 (10.6%)
WINNER: Ric Flair by SUBMISSION (move: Abdominal Stretch) | Loser HP: 640 / 1606 (39.9%)
WINNER: Ric Flair by SUBMISSION (move: Figure Four Leglock) | Loser HP: 75 / 1606 (4.7%)
WINNER: Lex Luger by SUBMISSION (move: Torture Rack) | Loser HP: 48 / 1506 (3.2%)
WINNER: Lex Luger by SUBMISSION (move: Torture Rack) | Loser HP: 88 / 1506 (5.9%)
WINNER: Ric Flair by SUBMISSION (move: Figure Four Leglock) | Loser HP: 596 / 1606 (37.1%)
WINNER: Ric Flair by SUBMISSION (move: Figure Four Leglock) | Loser HP: 581 / 1606 (36.2%)
WINNER: Ric Flair by SUBMISSION (move: Belly to Back Suplex) | Loser HP: 640 / 1606 (39.9%)
WINNER: Ric Flair by SUBMISSION (move: Abdominal Stretch) | Loser HP: 296 / 1606 (18.4%)
WINNER: Ric Flair by SUBMISSION (move: Figure Four Leglock) | Loser HP: 483 / 1606 (30.1%)
WINNER: Ric Flair by SUBMISSION (move: Abdominal Stretch) | Loser HP: 490 / 1606 (30.5%)
WINNER: Ric Flair by SUBMISSION (move: Figure Four Leglock) | Loser HP: 622 / 1606 (38.7%)
WINNER: Ric Flair by SUBMISSION (move: Figure Four Leglock) | Loser HP: 603 / 1606 (37.5%)
WINNER: Ric Flair by SUBMISSION (move: Figure Four Leglock) | Loser HP: 484 / 1606 (30.1%)
WINNER: Lex Luger by SUBMISSION (move: Torture Rack) | Loser HP: 189 / 1506 (12.6%)
WINNER: Ric Flair by SUBMISSION (move: Abdominal Stretch) | Loser HP: 599 / 1606 (37.3%)
WINNER: Ric Flair by SUBMISSION (move: Figure Four Leglock) | Loser HP: 535 / 1606 (33.3%)
WINNER: Ric Flair by SUBMISSION (move: Abdominal Stretch) | Loser HP: 24 / 1606 (1.5%)
WINNER: Ric Flair by SUBMISSION (move: Belly to Back Suplex) | Loser HP: 263 / 1606 (16.4%)
WINNER: Ric Flair by SUBMISSION (move: Figure Four Leglock) | Loser HP: 460 / 1606 (28.6%)
WINNER: Ric Flair by SUBMISSION (move: Figure Four Leglock) | Loser HP: 151 / 1606 (9.4%)
WINNER: Ric Flair by SUBMISSION (move: Figure Four Leglock) | Loser HP: 228 / 1606 (14.2%)
WINNER: Ric Flair by SUBMISSION (move: Abdominal Stretch) | Loser HP: 385 / 1606 (24.0%)
WINNER: Ric Flair by SUBMISSION (move: Figure Four Leglock) | Loser HP: 553 / 1606 (34.4%)
WINNER: Ric Flair by SUBMISSION (move: Figure Four Leglock) | Loser HP: 349 / 1606 (21.7%)
WINNER: Lex Luger by SUBMISSION (move: Torture Rack) | Loser HP: 209 / 1506 (13.9%)
WINNER: Ric Flair by SUBMISSION (move: Abdominal Stretch) | Loser HP: 532 / 1606 (33.1%)
WINNER: Ric Flair by SUBMISSION (move: Abdominal Stretch) | Loser HP: 607 / 1606 (37.8%)
WINNER: Lex Luger by SUBMISSION (move: Torture Rack) | Loser HP: 304 / 1506 (20.2%)
WINNER: Ric Flair by SUBMISSION (move: Abdominal Stretch) | Loser HP: 343 / 1606 (21.4%)
WINNER: Ric Flair by SUBMISSION (move: Abdominal Stretch) | Loser HP: 147 / 1606 (9.2%)
WINNER: Ric Flair by SUBMISSION (move: Figure Four Leglock) | Loser HP: 344 / 1606 (21.4%)
WINNER: Lex Luger by SUBMISSION (move: Torture Rack) | Loser HP: 219 / 1506 (14.6%)
WINNER: Ric Flair by SUBMISSION (move: Figure Four Leglock) | Loser HP: 71 / 1606 (4.4%)
WINNER: Ric Flair by SUBMISSION (move: Belly to Back Suplex) | Loser HP: 562 / 1606 (35.0%)
WINNER: Ric Flair by SUBMISSION (move: Abdominal Stretch) | Loser HP: 495 / 1606 (30.8%)
WINNER: Ric Flair by SUBMISSION (move: Figure Four Leglock) | Loser HP: 589 / 1606 (36.7%)
WINNER: Ric Flair by SUBMISSION (move: Figure Four Leglock) | Loser HP: 256 / 1606 (15.9%)
WINNER: Ric Flair by SUBMISSION (move: Figure Four Leglock) | Loser HP: 540 / 1606 (33.6%)
WINNER: Ric Flair by SUBMISSION (move: Belly to Back Suplex) | Loser HP: 355 / 1606 (22.1%)
WINNER: Lex Luger by SUBMISSION (move: Torture Rack) | Loser HP: 317 / 1506 (21.1%)
WINNER: Ric Flair by SUBMISSION (move: Figure Four Leglock) | Loser HP: 297 / 1606 (18.5%)
WINNER: Ric Flair by SUBMISSION (move: Figure Four Leglock) | Loser HP: 418 / 1606 (26.0%)
WINNER: Lex Luger by SUBMISSION (move: Torture Rack) | Loser HP: 414 / 1506 (27.5%)
WINNER: Ric Flair by SUBMISSION (move: Belly to Back Suplex) | Loser HP: 442 / 1606 (27.5%)
WINNER: Ric Flair by SUBMISSION (move: Abdominal Stretch) | Loser HP: 330 / 1606 (20.5%)
WINNER: Lex Luger by SUBMISSION (move: Torture Rack) | Loser HP: 187 / 1506 (12.5%)
WINNER: Ric Flair by SUBMISSION (move: Figure Four Leglock) | Loser HP: 358 / 1606 (22.3%)
WINNER: Ric Flair by SUBMISSION (move: Figure Four Leglock) | Loser HP: 572 / 1606 (35.6%)
WINNER: Ric Flair by SUBMISSION (move: Abdominal Stretch) | Loser HP: 483 / 1606 (30.1%)
WINNER: Lex Luger by SUBMISSION (move: Torture Rack) | Loser HP: 208 / 1506 (13.9%)
WINNER: Ric Flair by SUBMISSION (move: Figure Four Leglock) | Loser HP: 525 / 1606 (32.7%)
WINNER: Lex Luger by SUBMISSION (move: Torture Rack) | Loser HP: 56 / 1506 (3.8%)
WINNER: Lex Luger by SUBMISSION (move: Torture Rack) | Loser HP: 350 / 1506 (23.3%)
WINNER: Ric Flair by SUBMISSION (move: Figure Four Leglock) | Loser HP: 409 / 1606 (25.5%)
WINNER: Ric Flair by SUBMISSION (move: Figure Four Leglock) | Loser HP: 477 / 1606 (29.7%)
WINNER: Ric Flair by SUBMISSION (move: Figure Four Leglock) | Loser HP: 271 / 1606 (16.9%)
WINNER: Ric Flair by SUBMISSION (move: Belly to Back Suplex) | Loser HP: 469 / 1606 (29.2%)
WINNER: Ric Flair by SUBMISSION (move: Abdominal Stretch) | Loser HP: 618 / 1606 (38.5%)
WINNER: Ric Flair by SUBMISSION (move: Figure Four Leglock) | Loser HP: 638 / 1606 (39.7%)
WINNER: Lex Luger by SUBMISSION (move: Torture Rack) | Loser HP: 131 / 1506 (8.7%)
WINNER: Ric Flair by SUBMISSION (move: Abdominal Stretch) | Loser HP: 603 / 1606 (37.5%)
WINNER: Lex Luger by SUBMISSION (move: Torture Rack) | Loser HP: 172 / 1506 (11.5%)
WINNER: Ric Flair by SUBMISSION (move: Figure Four Leglock) | Loser HP: 467 / 1606 (29.1%)
WINNER: Lex Luger by SUBMISSION (move: Torture Rack) | Loser HP: 106 / 1506 (7.1%)
WINNER: Lex Luger by SUBMISSION (move: Torture Rack) | Loser HP: 138 / 1506 (9.2%)
WINNER: Ric Flair by SUBMISSION (move: Figure Four Leglock) | Loser HP: 590 / 1606 (36.7%)
WINNER: Ric Flair by SUBMISSION (move: Figure Four Leglock) | Loser HP: 377 / 1606 (23.5%)
WINNER: Ric Flair by SUBMISSION (move: Figure Four Leglock) | Loser HP: 228 / 1606 (14.2%)
WINNER: Ric Flair by SUBMISSION (move: Figure Four Leglock) | Loser HP: 342 / 1606 (21.3%)
WINNER: Ric Flair by SUBMISSION (move: Figure Four Leglock) | Loser HP: 336 / 1606 (20.9%)
WINNER: Ric Flair by SUBMISSION (move: Abdominal Stretch) | Loser HP: 586 / 1606 (36.5%)
WINNER: Lex Luger by SUBMISSION (move: Torture Rack) | Loser HP: 184 / 1506 (12.3%)
WINNER: Ric Flair by SUBMISSION (move: Belly to Back Suplex) | Loser HP: 640 / 1606 (39.9%)
WINNER: Ric Flair by SUBMISSION (move: Abdominal Stretch) | Loser HP: 308 / 1606 (19.2%)
WINNER: Ric Flair by SUBMISSION (move: Abdominal Stretch) | Loser HP: 616 / 1606 (38.4%)
WINNER: Lex Luger by SUBMISSION (move: Torture Rack) | Loser HP: 136 / 1506 (9.1%)
WINNER: Ric Flair by SUBMISSION (move: Figure Four Leglock) | Loser HP: 196 / 1606 (12.2%)
WINNER: Ric Flair by SUBMISSION (move: Figure Four Leglock) | Loser HP: 596 / 1606 (37.1%)
WINNER: Ric Flair by SUBMISSION (move: Abdominal Stretch) | Loser HP: 445 / 1606 (27.7%)
WINNER: Ric Flair by SUBMISSION (move: Figure Four Leglock) | Loser HP: 293 / 1606 (18.2%)
WINNER: Ric Flair by SUBMISSION (move: Abdominal Stretch) | Loser HP: 477 / 1606 (29.7%)
WINNER: Ric Flair by SUBMISSION (move: Abdominal Stretch) | Loser HP: 460 / 1606 (28.6%)
WINNER: Ric Flair by SUBMISSION (move: Figure Four Leglock) | Loser HP: 253 / 1606 (15.8%)
WINNER: Ric Flair by SUBMISSION (move: Figure Four Leglock) | Loser HP: 565 / 1606 (35.2%)
WINNER: Ric Flair by SUBMISSION (move: Abdominal Stretch) | Loser HP: 537 / 1606 (33.4%)
WINNER: Ric Flair by SUBMISSION (move: Figure Four Leglock) | Loser HP: 539 / 1606 (33.6%)
WINNER: Ric Flair by SUBMISSION (move: Figure Four Leglock) | Loser HP: 241 / 1606 (15.0%)
WINNER: Lex Luger by SUBMISSION (move: Torture Rack) | Loser HP: 124 / 1506 (8.3%)
WINNER: Ric Flair by SUBMISSION (move: Belly to Back Suplex) | Loser HP: 467 / 1606 (29.1%)
WINNER: Ric Flair by SUBMISSION (move: Belly to Back Suplex) | Loser HP: 330 / 1606 (20.5%)
WINNER: Ric Flair by SUBMISSION (move: Belly to Back Suplex) | Loser HP: 439 / 1606 (27.3%)
WINNER: Lex Luger by SUBMISSION (move: Torture Rack) | Loser HP: 170 / 1506 (11.3%)
WINNER: Ric Flair by SUBMISSION (move: Abdominal Stretch) | Loser HP: 626 / 1606 (39.0%)
WINNER: Ric Flair by SUBMISSION (move: Figure Four Leglock) | Loser HP: 573 / 1606 (35.7%)
WINNER: Ric Flair by SUBMISSION (move: Figure Four Leglock) | Loser HP: 425 / 1606 (26.5%)
WINNER: Lex Luger by SUBMISSION (move: Torture Rack) | Loser HP: 167 / 1506 (11.1%)
WINNER: Lex Luger by SUBMISSION (move: Torture Rack) | Loser HP: 73 / 1506 (4.9%)
WINNER: Ric Flair by SUBMISSION (move: Belly to Back Suplex) | Loser HP: 581 / 1606 (36.2%)
WINNER: Ric Flair by SUBMISSION (move: Abdominal Stretch) | Loser HP: 515 / 1606 (32.1%)
WINNER: Ric Flair by SUBMISSION (move: Figure Four Leglock) | Loser HP: 478 / 1606 (29.8%)
WINNER: Lex Luger by SUBMISSION (move: Torture Rack) | Loser HP: 182 / 1506 (12.1%)
WINNER: Ric Flair by SUBMISSION (move: Figure Four Leglock) | Loser HP: 272 / 1606 (16.9%)
WINNER: Lex Luger by SUBMISSION (move: Torture Rack) | Loser HP: 319 / 1506 (21.2%)
WINNER: Ric Flair by SUBMISSION (move: Figure Four Leglock) | Loser HP: 503 / 1606 (31.3%)
WINNER: Lex Luger by SUBMISSION (move: Torture Rack) | Loser HP: 132 / 1506 (8.8%)
WINNER: Ric Flair by SUBMISSION (move: Abdominal Stretch) | Loser HP: 227 / 1606 (14.1%)
WINNER: Ric Flair by SUBMISSION (move: Abdominal Stretch) | Loser HP: 468 / 1606 (29.1%)
WINNER: Ric Flair by SUBMISSION (move: Abdominal Stretch) | Loser HP: 213 / 1606 (13.3%)
WINNER: Ric Flair by SUBMISSION (move: Abdominal Stretch) | Loser HP: 558 / 1606 (34.7%)
WINNER: Ric Flair by SUBMISSION (move: Abdominal Stretch) | Loser HP: 416 / 1606 (25.9%)
WINNER: Ric Flair by SUBMISSION (move: Abdominal Stretch) | Loser HP: 624 / 1606 (38.9%)
WINNER: Ric Flair by SUBMISSION (move: Abdominal Stretch) | Loser HP: 585 / 1606 (36.4%)
WINNER: Ric Flair by SUBMISSION (move: Abdominal Stretch) | Loser HP: 75 / 1606 (4.7%)
WINNER: Ric Flair by SUBMISSION (move: Figure Four Leglock) | Loser HP: 385 / 1606 (24.0%)
WINNER: Ric Flair by SUBMISSION (move: Abdominal Stretch) | Loser HP: 378 / 1606 (23.5%)
WINNER: Ric Flair by SUBMISSION (move: Abdominal Stretch) | Loser HP: 578 / 1606 (36.0%)
WINNER: Ric Flair by SUBMISSION (move: Figure Four Leglock) | Loser HP: 36 / 1606 (2.2%)
WINNER: Ric Flair by SUBMISSION (move: Abdominal Stretch) | Loser HP: 485 / 1606 (30.2%)
WINNER: Ric Flair by SUBMISSION (move: Figure Four Leglock) | Loser HP: 330 / 1606 (20.5%)
WINNER: Ric Flair by SUBMISSION (move: Abdominal Stretch) | Loser HP: 460 / 1606 (28.6%)
WINNER: Ric Flair by SUBMISSION (move: Belly to Back Suplex) | Loser HP: 402 / 1606 (25.0%)
WINNER: Ric Flair by SUBMISSION (move: Abdominal Stretch) | Loser HP: 445 / 1606 (27.7%)
WINNER: Ric Flair by SUBMISSION (move: Abdominal Stretch) | Loser HP: 157 / 1606 (9.8%)
WINNER: Lex Luger by SUBMISSION (move: Torture Rack) | Loser HP: 595 / 1506 (39.5%)
WINNER: Lex Luger by SUBMISSION (move: Torture Rack) | Loser HP: 499 / 1506 (33.2%)
WINNER: Ric Flair by SUBMISSION (move: Abdominal Stretch) | Loser HP: 443 / 1606 (27.6%)
WINNER: Ric Flair by SUBMISSION (move: Figure Four Leglock) | Loser HP: 593 / 1606 (36.9%)
WINNER: Ric Flair by SUBMISSION (move: Figure Four Leglock) | Loser HP: 480 / 1606 (29.9%)
WINNER: Ric Flair by SUBMISSION (move: Figure Four Leglock) | Loser HP: 550 / 1606 (34.2%)
WINNER: Ric Flair by SUBMISSION (move: Figure Four Leglock) | Loser HP: 187 / 1606 (11.6%)
WINNER: Ric Flair by SUBMISSION (move: Figure Four Leglock) | Loser HP: 414 / 1606 (25.8%)
WINNER: Ric Flair by SUBMISSION (move: Abdominal Stretch) | Loser HP: 479 / 1606 (29.8%)
WINNER: Ric Flair by SUBMISSION (move: Figure Four Leglock) | Loser HP: 352 / 1606 (21.9%)
WINNER: Ric Flair by SUBMISSION (move: Belly to Back Suplex) | Loser HP: 518 / 1606 (32.3%)
WINNER: Ric Flair by SUBMISSION (move: Figure Four Leglock) | Loser HP: 585 / 1606 (36.4%)
WINNER: Ric Flair by SUBMISSION (move: Belly to Back Suplex) | Loser HP: 405 / 1606 (25.2%)
WINNER: Ric Flair by SUBMISSION (move: Figure Four Leglock) | Loser HP: 322 / 1606 (20.0%)
WINNER: Ric Flair by SUBMISSION (move: Abdominal Stretch) | Loser HP: 65 / 1606 (4.0%)
WINNER: Ric Flair by SUBMISSION (move: Abdominal Stretch) | Loser HP: 253 / 1606 (15.8%)
WINNER: Lex Luger by SUBMISSION (move: Torture Rack) | Loser HP: 145 / 1506 (9.7%)
WINNER: Lex Luger by SUBMISSION (move: Torture Rack) | Loser HP: 345 / 1506 (22.9%)
WINNER: Lex Luger by SUBMISSION (move: Torture Rack) | Loser HP: 520 / 1506 (34.6%)
WINNER: Ric Flair by SUBMISSION (move: Figure Four Leglock) | Loser HP: 535 / 1606 (33.3%)
WINNER: Ric Flair by SUBMISSION (move: Abdominal Stretch) | Loser HP: 501 / 1606 (31.2%)
WINNER: Ric Flair by SUBMISSION (move: Figure Four Leglock) | Loser HP: 532 / 1606 (33.1%)
WINNER: Ric Flair by SUBMISSION (move: Figure Four Leglock) | Loser HP: 239 / 1606 (14.9%)
WINNER: Ric Flair by SUBMISSION (move: Figure Four Leglock) | Loser HP: 378 / 1606 (23.5%)
WINNER: Ric Flair by SUBMISSION (move: Figure Four Leglock) | Loser HP: 262 / 1606 (16.3%)
WINNER: Ric Flair by SUBMISSION (move: Belly to Back Suplex) | Loser HP: 541 / 1606 (33.7%)
WINNER: Ric Flair by SUBMISSION (move: Abdominal Stretch) | Loser HP: 305 / 1606 (19.0%)
WINNER: Ric Flair by SUBMISSION (move: Belly to Back Suplex) | Loser HP: 539 / 1606 (33.6%)
WINNER: Ric Flair by SUBMISSION (move: Abdominal Stretch) | Loser HP: 625 / 1606 (38.9%)
WINNER: Lex Luger by SUBMISSION (move: Torture Rack) | Loser HP: 133 / 1506 (8.9%)
WINNER: Lex Luger by SUBMISSION (move: Torture Rack) | Loser HP: 272 / 1506 (18.1%)
